Archive member included to satisfy reference by file (symbol)

c:/program files (x86)/embedded toolchain/gnu tools arm embedded/7 2017-q4-major/bin/../lib/gcc/arm-none-eabi/7.2.1/../../../../arm-none-eabi/lib/thumb/v7-m\libc_nano.a(lib_a-errno.o)
                              build/syscalls.o (__errno)
c:/program files (x86)/embedded toolchain/gnu tools arm embedded/7 2017-q4-major/bin/../lib/gcc/arm-none-eabi/7.2.1/../../../../arm-none-eabi/lib/thumb/v7-m\libc_nano.a(lib_a-exit.o)
                              c:/program files (x86)/embedded toolchain/gnu tools arm embedded/7 2017-q4-major/bin/../lib/gcc/arm-none-eabi/7.2.1/../../../../arm-none-eabi/lib/thumb/v7-m/crt0.o (exit)
c:/program files (x86)/embedded toolchain/gnu tools arm embedded/7 2017-q4-major/bin/../lib/gcc/arm-none-eabi/7.2.1/../../../../arm-none-eabi/lib/thumb/v7-m\libc_nano.a(lib_a-impure.o)
                              c:/program files (x86)/embedded toolchain/gnu tools arm embedded/7 2017-q4-major/bin/../lib/gcc/arm-none-eabi/7.2.1/../../../../arm-none-eabi/lib/thumb/v7-m\libc_nano.a(lib_a-exit.o) (_global_impure_ptr)
c:/program files (x86)/embedded toolchain/gnu tools arm embedded/7 2017-q4-major/bin/../lib/gcc/arm-none-eabi/7.2.1/../../../../arm-none-eabi/lib/thumb/v7-m\libc_nano.a(lib_a-init.o)
                              c:/program files (x86)/embedded toolchain/gnu tools arm embedded/7 2017-q4-major/bin/../lib/gcc/arm-none-eabi/7.2.1/../../../../arm-none-eabi/lib/thumb/v7-m/crt0.o (__libc_init_array)
c:/program files (x86)/embedded toolchain/gnu tools arm embedded/7 2017-q4-major/bin/../lib/gcc/arm-none-eabi/7.2.1/../../../../arm-none-eabi/lib/thumb/v7-m\libc_nano.a(lib_a-memset.o)
                              c:/program files (x86)/embedded toolchain/gnu tools arm embedded/7 2017-q4-major/bin/../lib/gcc/arm-none-eabi/7.2.1/../../../../arm-none-eabi/lib/thumb/v7-m/crt0.o (memset)
c:/program files (x86)/embedded toolchain/gnu tools arm embedded/7 2017-q4-major/bin/../lib/gcc/arm-none-eabi/7.2.1/thumb/v7-m\libgcc.a(_arm_addsubdf3.o)
                              build/main.o (__aeabi_dadd)
c:/program files (x86)/embedded toolchain/gnu tools arm embedded/7 2017-q4-major/bin/../lib/gcc/arm-none-eabi/7.2.1/thumb/v7-m\libgcc.a(_arm_muldivdf3.o)
                              build/main.o (__aeabi_dmul)
c:/program files (x86)/embedded toolchain/gnu tools arm embedded/7 2017-q4-major/bin/../lib/gcc/arm-none-eabi/7.2.1/thumb/v7-m\libgcc.a(_arm_fixunsdfsi.o)
                              build/main.o (__aeabi_d2uiz)

Allocating common symbols
Common symbol       size              file

rawMpu              0x6               build/main.o
hi2c1               0x54              build/i2c.o
uwTick              0x4               build/stm32f1xx_hal.o
pFlash              0x20              build/stm32f1xx_hal_flash.o
servoPosition       0x4               build/main.o
htim3               0x40              build/tim.o
hadc1               0x30              build/adc.o
rawAdc              0x4               build/main.o
hdma_adc1           0x44              build/adc.o
htim1               0x40              build/tim.o
hpcd_USB_FS         0x460             build/usb.o

Discarded input sections

 .text          0x00000000        0x0 c:/program files (x86)/embedded toolchain/gnu tools arm embedded/7 2017-q4-major/bin/../lib/gcc/arm-none-eabi/7.2.1/thumb/v7-m/crti.o
 .data          0x00000000        0x0 c:/program files (x86)/embedded toolchain/gnu tools arm embedded/7 2017-q4-major/bin/../lib/gcc/arm-none-eabi/7.2.1/thumb/v7-m/crti.o
 .bss           0x00000000        0x0 c:/program files (x86)/embedded toolchain/gnu tools arm embedded/7 2017-q4-major/bin/../lib/gcc/arm-none-eabi/7.2.1/thumb/v7-m/crti.o
 .data          0x00000000        0x4 c:/program files (x86)/embedded toolchain/gnu tools arm embedded/7 2017-q4-major/bin/../lib/gcc/arm-none-eabi/7.2.1/thumb/v7-m/crtbegin.o
 .text          0x00000000       0x74 c:/program files (x86)/embedded toolchain/gnu tools arm embedded/7 2017-q4-major/bin/../lib/gcc/arm-none-eabi/7.2.1/../../../../arm-none-eabi/lib/thumb/v7-m/crt0.o
 .data          0x00000000        0x0 c:/program files (x86)/embedded toolchain/gnu tools arm embedded/7 2017-q4-major/bin/../lib/gcc/arm-none-eabi/7.2.1/../../../../arm-none-eabi/lib/thumb/v7-m/crt0.o
 .bss           0x00000000        0x0 c:/program files (x86)/embedded toolchain/gnu tools arm embedded/7 2017-q4-major/bin/../lib/gcc/arm-none-eabi/7.2.1/../../../../arm-none-eabi/lib/thumb/v7-m/crt0.o
 .ARM.extab     0x00000000        0x0 c:/program files (x86)/embedded toolchain/gnu tools arm embedded/7 2017-q4-major/bin/../lib/gcc/arm-none-eabi/7.2.1/../../../../arm-none-eabi/lib/thumb/v7-m/crt0.o
 .ARM.exidx     0x00000000        0x8 c:/program files (x86)/embedded toolchain/gnu tools arm embedded/7 2017-q4-major/bin/../lib/gcc/arm-none-eabi/7.2.1/../../../../arm-none-eabi/lib/thumb/v7-m/crt0.o
 .ARM.attributes
[...]
Memory Configuration

Name             Origin             Length             Attributes
RAM              0x20000000         0x00005000         xrw
FLASH            0x08000000         0x00010000         xr
*default*        0x00000000         0xffffffff

Linker script and memory map

LOAD c:/program files (x86)/embedded toolchain/gnu tools arm embedded/7 2017-q4-major/bin/../lib/gcc/arm-none-eabi/7.2.1/thumb/v7-m/crti.o
LOAD c:/program files (x86)/embedded toolchain/gnu tools arm embedded/7 2017-q4-major/bin/../lib/gcc/arm-none-eabi/7.2.1/thumb/v7-m/crtbegin.o
LOAD c:/program files (x86)/embedded toolchain/gnu tools arm embedded/7 2017-q4-major/bin/../lib/gcc/arm-none-eabi/7.2.1/../../../../arm-none-eabi/lib/thumb/v7-m/crt0.o
LOAD build/stm32f1xx_hal.o
LOAD build/stm32f1xx_hal_adc.o
LOAD build/stm32f1xx_hal_adc_ex.o
LOAD build/stm32f1xx_hal_cortex.o
LOAD build/stm32f1xx_hal_dma.o
LOAD build/stm32f1xx_hal_flash.o
LOAD build/stm32f1xx_hal_flash_ex.o
LOAD build/stm32f1xx_hal_gpio.o
LOAD build/stm32f1xx_hal_gpio_ex.o
LOAD build/stm32f1xx_hal_i2c.o
LOAD build/stm32f1xx_hal_pcd.o
LOAD build/stm32f1xx_hal_pcd_ex.o
LOAD build/stm32f1xx_hal_pwr.o
LOAD build/stm32f1xx_hal_rcc.o
LOAD build/stm32f1xx_hal_rcc_ex.o
LOAD build/stm32f1xx_hal_tim.o
LOAD build/stm32f1xx_hal_tim_ex.o
LOAD build/stm32f1xx_ll_usb.o
LOAD build/adc.o
LOAD build/dma.o
LOAD build/gpio.o
LOAD build/i2c.o
LOAD build/main.o
LOAD build/stm32f1xx_hal_msp.o
LOAD build/stm32f1xx_it.o
LOAD build/system_stm32f1xx.o
LOAD build/tim.o
LOAD build/usb.o
LOAD build/syscalls.o
LOAD build/startup_stm32f103xb.o
LOAD c:/program files (x86)/embedded toolchain/gnu tools arm embedded/7 2017-q4-major/bin/../lib/gcc/arm-none-eabi/7.2.1/../../../../arm-none-eabi/lib/thumb/v7-m\libnosys.a
LOAD c:/program files (x86)/embedded toolchain/gnu tools arm embedded/7 2017-q4-major/bin/../lib/gcc/arm-none-eabi/7.2.1/../../../../arm-none-eabi/lib/thumb/v7-m\libstdc++_nano.a
LOAD c:/program files (x86)/embedded toolchain/gnu tools arm embedded/7 2017-q4-major/bin/../lib/gcc/arm-none-eabi/7.2.1/../../../../arm-none-eabi/lib/thumb/v7-m\libm.a
LOAD c:/program files (x86)/embedded toolchain/gnu tools arm embedded/7 2017-q4-major/bin/../lib/gcc/arm-none-eabi/7.2.1/../../../../arm-none-eabi/lib/thumb/v7-m\libc_nano.a
START GROUP
LOAD c:/program files (x86)/embedded toolchain/gnu tools arm embedded/7 2017-q4-major/bin/../lib/gcc/arm-none-eabi/7.2.1/thumb/v7-m\libgcc.a
LOAD c:/program files (x86)/embedded toolchain/gnu tools arm embedded/7 2017-q4-major/bin/../lib/gcc/arm-none-eabi/7.2.1/../../../../arm-none-eabi/lib/thumb/v7-m\libc_nano.a
END GROUP
START GROUP
LOAD c:/program files (x86)/embedded toolchain/gnu tools arm embedded/7 2017-q4-major/bin/../lib/gcc/arm-none-eabi/7.2.1/thumb/v7-m\libgcc.a
LOAD c:/program files (x86)/embedded toolchain/gnu tools arm embedded/7 2017-q4-major/bin/../lib/gcc/arm-none-eabi/7.2.1/../../../../arm-none-eabi/lib/thumb/v7-m\libc_nano.a
END GROUP
LOAD c:/program files (x86)/embedded toolchain/gnu tools arm embedded/7 2017-q4-major/bin/../lib/gcc/arm-none-eabi/7.2.1/thumb/v7-m/crtend.o
LOAD c:/program files (x86)/embedded toolchain/gnu tools arm embedded/7 2017-q4-major/bin/../lib/gcc/arm-none-eabi/7.2.1/thumb/v7-m/crtn.o
                0x20005000                _estack = 0x20005000
                0x00000200                _Min_Heap_Size = 0x200
                0x00000400                _Min_Stack_Size = 0x400

.isr_vector     0x08000000      0x10c
                0x08000000                . = ALIGN (0x4)
 *(.isr_vector)
 .isr_vector    0x08000000      0x10c build/startup_stm32f103xb.o
                0x08000000                g_pfnVectors
                0x0800010c                . = ALIGN (0x4)

.text           0x08000110     0x4bc8
                0x08000110                . = ALIGN (0x4)
 *(.text)
 .text          0x08000110       0x40 c:/program files (x86)/embedded toolchain/gnu tools arm embedded/7 2017-q4-major/bin/../lib/gcc/arm-none-eabi/7.2.1/thumb/v7-m/crtbegin.o
 .text          0x08000150      0x378 c:/program files (x86)/embedded toolchain/gnu tools arm embedded/7 2017-q4-major/bin/../lib/gcc/arm-none-eabi/7.2.1/thumb/v7-m\libgcc.a(_arm_addsubdf3.o)
                0x08000150                __aeabi_drsub
                0x08000158                __aeabi_dsub
                0x08000158                __subdf3
                0x0800015c                __aeabi_dadd
                0x0800015c                __adddf3
                0x080003d4                __floatunsidf
                0x080003d4                __aeabi_ui2d
                0x080003f4                __floatsidf
                0x080003f4                __aeabi_i2d
                0x08000418                __aeabi_f2d
                0x08000418                __extendsfdf2
                0x0800045c                __floatundidf
                0x0800045c                __aeabi_ul2d
                0x0800046c                __floatdidf
                0x0800046c                __aeabi_l2d
 .text          0x080004c8      0x424 c:/program files (x86)/embedded toolchain/gnu tools arm embedded/7 2017-q4-major/bin/../lib/gcc/arm-none-eabi/7.2.1/thumb/v7-m\libgcc.a(_arm_muldivdf3.o)
                0x080004c8                __aeabi_dmul
                0x080004c8                __muldf3
                0x0800071c                __divdf3
                0x0800071c                __aeabi_ddiv
 .text          0x080008ec       0x40 c:/program files (x86)/embedded toolchain/gnu tools arm embedded/7 2017-q4-major/bin/../lib/gcc/arm-none-eabi/7.2.1/thumb/v7-m\libgcc.a(_arm_fixunsdfsi.o)
                0x080008ec                __aeabi_d2uiz
                0x080008ec                __fixunsdfsi
 *(.text*)
 .text.HAL_InitTick
                0x0800092c       0x4c build/stm32f1xx_hal.o
                0x0800092c                HAL_InitTick
 .text.HAL_Init
                0x08000978       0x24 build/stm32f1xx_hal.o
                0x08000978                HAL_Init
 .text.HAL_IncTick
                0x0800099c       0x18 build/stm32f1xx_hal.o
                0x0800099c                HAL_IncTick
 .text.HAL_GetTick
                0x080009b4        0xc build/stm32f1xx_hal.o
                0x080009b4                HAL_GetTick
 .text.ADC_DMAConvCplt
                0x080009c0       0x52 build/stm32f1xx_hal_adc.o
                0x080009c0                ADC_DMAConvCplt
 .text.HAL_ADC_ConvHalfCpltCallback
                0x08000a12        0x2 build/stm32f1xx_hal_adc.o
                0x08000a12                HAL_ADC_ConvHalfCpltCallback
 .text.ADC_DMAHalfConvCplt
                0x08000a14        0xa build/stm32f1xx_hal_adc.o
                0x08000a14                ADC_DMAHalfConvCplt
 .text.HAL_ADC_LevelOutOfWindowCallback
                0x08000a1e        0x2 build/stm32f1xx_hal_adc.o
                0x08000a1e                HAL_ADC_LevelOutOfWindowCallback
 .text.HAL_ADC_IRQHandler
                0x08000a20      0x10c build/stm32f1xx_hal_adc.o
                0x08000a20                HAL_ADC_IRQHandler
 .text.HAL_ADC_ErrorCallback
                0x08000b2c        0x2 build/stm32f1xx_hal_adc.o
                0x08000b2c                HAL_ADC_ErrorCallback
 .text.ADC_DMAError
                0x08000b2e       0x1a build/stm32f1xx_hal_adc.o
                0x08000b2e                ADC_DMAError
 .text.HAL_ADC_ConfigChannel
                0x08000b48      0x138 build/stm32f1xx_hal_adc.o
                0x08000b48                HAL_ADC_ConfigChannel
 .text.ADC_Enable
                0x08000c80       0x80 build/stm32f1xx_hal_adc.o
                0x08000c80                ADC_Enable
 .text.HAL_ADC_Start_DMA
                0x08000d00      0x130 build/stm32f1xx_hal_adc.o
                0x08000d00                HAL_ADC_Start_DMA
 .text.ADC_ConversionStop_Disable
                0x08000e30       0x4c build/stm32f1xx_hal_adc.o
                0x08000e30                ADC_ConversionStop_Disable
 .text.HAL_ADC_Init
                0x08000e7c      0x110 build/stm32f1xx_hal_adc.o
                0x08000e7c                HAL_ADC_Init
 .text.HAL_ADCEx_Calibration_Start
                0x08000f8c       0xec build/stm32f1xx_hal_adc_ex.o
                0x08000f8c                HAL_ADCEx_Calibration_Start
 .text.HAL_ADCEx_InjectedConvCpltCallback
                0x08001078        0x2 build/stm32f1xx_hal_adc_ex.o
                0x08001078                HAL_ADCEx_InjectedConvCpltCallback
 *fill*         0x0800107a        0x2 
 .text.HAL_NVIC_SetPriorityGrouping
                0x0800107c       0x24 build/stm32f1xx_hal_cortex.o
                0x0800107c                HAL_NVIC_SetPriorityGrouping
 .text.HAL_NVIC_SetPriority
                0x080010a0       0x68 build/stm32f1xx_hal_cortex.o
                0x080010a0                HAL_NVIC_SetPriority
 .text.HAL_NVIC_EnableIRQ
                0x08001108       0x18 build/stm32f1xx_hal_cortex.o
                0x08001108                HAL_NVIC_EnableIRQ
 .text.HAL_SYSTICK_Config
                0x08001120       0x2c build/stm32f1xx_hal_cortex.o
                0x08001120                HAL_SYSTICK_Config
 .text.DMA_SetConfig
                0x0800114c       0x2c build/stm32f1xx_hal_dma.o
 .text.HAL_DMA_Init
                0x08001178       0x6c build/stm32f1xx_hal_dma.o
                0x08001178                HAL_DMA_Init
 .text.HAL_DMA_Start_IT
                0x080011e4       0x74 build/stm32f1xx_hal_dma.o
                0x080011e4                HAL_DMA_Start_IT
 .text.HAL_DMA_Abort_IT
                0x08001258       0x98 build/stm32f1xx_hal_dma.o
                0x08001258                HAL_DMA_Abort_IT
 .text.HAL_DMA_IRQHandler
                0x080012f0      0x144 build/stm32f1xx_hal_dma.o
                0x080012f0                HAL_DMA_IRQHandler
 .text.HAL_GPIO_Init
                0x08001434      0x1d4 build/stm32f1xx_hal_gpio.o
                0x08001434                HAL_GPIO_Init
 .text.HAL_GPIO_WritePin
                0x08001608        0xc build/stm32f1xx_hal_gpio.o
                0x08001608                HAL_GPIO_WritePin
 .text.HAL_GPIO_TogglePin
                0x08001614        0x8 build/stm32f1xx_hal_gpio.o
                0x08001614                HAL_GPIO_TogglePin
 .text.I2C_Master_SB
                0x0800161c       0x8a build/stm32f1xx_hal_i2c.o
 .text.I2C_Master_ADD10
                0x080016a6        0xc build/stm32f1xx_hal_i2c.o
 .text.I2C_Master_ADDR
                0x080016b2      0x1da build/stm32f1xx_hal_i2c.o
 .text.I2C_SlaveTransmit_BTF
                0x0800188c       0x1e build/stm32f1xx_hal_i2c.o
 .text.I2C_SlaveReceive_BTF
                0x080018aa       0x1e build/stm32f1xx_hal_i2c.o
 .text.I2C_IsAcknowledgeFailed
                0x080018c8       0x2a build/stm32f1xx_hal_i2c.o
 .text.I2C_WaitOnFlagUntilTimeout
                0x080018f2       0x68 build/stm32f1xx_hal_i2c.o
 .text.I2C_WaitOnMasterAddressFlagUntilTimeout
                0x0800195a       0x90 build/stm32f1xx_hal_i2c.o
 .text.I2C_WaitOnTXEFlagUntilTimeout
                0x080019ea       0x4e build/stm32f1xx_hal_i2c.o
 .text.I2C_RequestMemoryWrite
                0x08001a38       0xd8 build/stm32f1xx_hal_i2c.o
 .text.I2C_WaitOnBTFFlagUntilTimeout
                0x08001b10       0x4e build/stm32f1xx_hal_i2c.o
 *fill*         0x08001b5e        0x2 
 .text.HAL_I2C_Init
                0x08001b60      0x168 build/stm32f1xx_hal_i2c.o
                0x08001b60                HAL_I2C_Init
 .text.HAL_I2C_Mem_Write
                0x08001cc8      0x17c build/stm32f1xx_hal_i2c.o
                0x08001cc8                HAL_I2C_Mem_Write
 .text.HAL_I2C_Mem_Read_IT
                0x08001e44       0xe8 build/stm32f1xx_hal_i2c.o
                0x08001e44                HAL_I2C_Mem_Read_IT
 .text.HAL_I2C_MasterTxCpltCallback
                0x08001f2c        0x2 build/stm32f1xx_hal_i2c.o
                0x08001f2c                HAL_I2C_MasterTxCpltCallback
 .text.HAL_I2C_MasterRxCpltCallback
                0x08001f2e        0x2 build/stm32f1xx_hal_i2c.o
                0x08001f2e                HAL_I2C_MasterRxCpltCallback
 .text.HAL_I2C_SlaveTxCpltCallback
                0x08001f30        0x2 build/stm32f1xx_hal_i2c.o
                0x08001f30                HAL_I2C_SlaveTxCpltCallback
 .text.I2C_SlaveTransmit_TXE
                0x08001f32       0x4a build/stm32f1xx_hal_i2c.o
 .text.HAL_I2C_SlaveRxCpltCallback
                0x08001f7c        0x2 build/stm32f1xx_hal_i2c.o
                0x08001f7c                HAL_I2C_SlaveRxCpltCallback
 .text.I2C_SlaveReceive_RXNE
                0x08001f7e       0x4e build/stm32f1xx_hal_i2c.o
 .text.HAL_I2C_AddrCallback
                0x08001fcc        0x2 build/stm32f1xx_hal_i2c.o
                0x08001fcc                HAL_I2C_AddrCallback
 .text.I2C_Slave_ADDR
                0x08001fce       0x28 build/stm32f1xx_hal_i2c.o
 .text.HAL_I2C_ListenCpltCallback
                0x08001ff6        0x2 build/stm32f1xx_hal_i2c.o
                0x08001ff6                HAL_I2C_ListenCpltCallback
 .text.I2C_Slave_AF
                0x08001ff8       0x94 build/stm32f1xx_hal_i2c.o
 .text.HAL_I2C_MemTxCpltCallback
                0x0800208c        0x2 build/stm32f1xx_hal_i2c.o
                0x0800208c                HAL_I2C_MemTxCpltCallback
 .text.I2C_MasterTransmit_TXE
                0x0800208e      0x146 build/stm32f1xx_hal_i2c.o
 .text.I2C_MasterTransmit_BTF
                0x080021d4       0x9c build/stm32f1xx_hal_i2c.o
 .text.I2C_MasterReceive_RXNE
                0x08002270       0xcc build/stm32f1xx_hal_i2c.o
 .text.I2C_MasterReceive_BTF
                0x0800233c       0xf6 build/stm32f1xx_hal_i2c.o
 .text.HAL_I2C_ErrorCallback
                0x08002432        0x2 build/stm32f1xx_hal_i2c.o
                0x08002432                HAL_I2C_ErrorCallback
 .text.HAL_I2C_AbortCpltCallback
                0x08002434        0x2 build/stm32f1xx_hal_i2c.o
                0x08002434                HAL_I2C_AbortCpltCallback
 *fill*         0x08002436        0x2 
 .text.I2C_ITError
                0x08002438      0x148 build/stm32f1xx_hal_i2c.o
 .text.I2C_Slave_STOPF
                0x08002580      0x100 build/stm32f1xx_hal_i2c.o
 .text.HAL_I2C_EV_IRQHandler
                0x08002680      0x168 build/stm32f1xx_hal_i2c.o
                0x08002680                HAL_I2C_EV_IRQHandler
 .text.HAL_I2C_ER_IRQHandler
                0x080027e8       0xdc build/stm32f1xx_hal_i2c.o
                0x080027e8                HAL_I2C_ER_IRQHandler
 .text.I2C_DMAAbort
                0x080028c4       0x5e build/stm32f1xx_hal_i2c.o
 .text.HAL_PCD_Init
                0x08002922       0xd6 build/stm32f1xx_hal_pcd.o
                0x08002922                HAL_PCD_Init
 .text.HAL_PCD_DataOutStageCallback
                0x080029f8        0x2 build/stm32f1xx_hal_pcd.o
                0x080029f8                HAL_PCD_DataOutStageCallback
 .text.HAL_PCD_DataInStageCallback
                0x080029fa        0x2 build/stm32f1xx_hal_pcd.o
                0x080029fa                HAL_PCD_DataInStageCallback
 .text.HAL_PCD_SetupStageCallback
                0x080029fc        0x2 build/stm32f1xx_hal_pcd.o
                0x080029fc                HAL_PCD_SetupStageCallback
 .text.HAL_PCD_SOFCallback
                0x080029fe        0x2 build/stm32f1xx_hal_pcd.o
                0x080029fe                HAL_PCD_SOFCallback
 .text.HAL_PCD_ResetCallback
                0x08002a00        0x2 build/stm32f1xx_hal_pcd.o
                0x08002a00                HAL_PCD_ResetCallback
 .text.HAL_PCD_SuspendCallback
                0x08002a02        0x2 build/stm32f1xx_hal_pcd.o
                0x08002a02                HAL_PCD_SuspendCallback
 .text.HAL_PCD_ResumeCallback
                0x08002a04        0x2 build/stm32f1xx_hal_pcd.o
                0x08002a04                HAL_PCD_ResumeCallback
 .text.HAL_PCD_SetAddress
                0x08002a06       0x28 build/stm32f1xx_hal_pcd.o
                0x08002a06                HAL_PCD_SetAddress
 .text.HAL_PCD_EP_Receive
                0x08002a2e       0x3e build/stm32f1xx_hal_pcd.o
                0x08002a2e                HAL_PCD_EP_Receive
 .text.HAL_PCD_EP_Transmit
                0x08002a6c       0x3c build/stm32f1xx_hal_pcd.o
                0x08002a6c                HAL_PCD_EP_Transmit
 .text.PCD_EP_ISR_Handler
                0x08002aa8      0x444 build/stm32f1xx_hal_pcd.o
 .text.HAL_PCD_IRQHandler
                0x08002eec      0x160 build/stm32f1xx_hal_pcd.o
                0x08002eec                HAL_PCD_IRQHandler
 .text.RCC_Delay
                0x0800304c       0x2c build/stm32f1xx_hal_rcc.o
 .text.HAL_RCC_OscConfig
                0x08003078      0x3dc build/stm32f1xx_hal_rcc.o
                0x08003078                HAL_RCC_OscConfig
 .text.HAL_RCC_GetSysClockFreq
                0x08003454       0x70 build/stm32f1xx_hal_rcc.o
                0x08003454                HAL_RCC_GetSysClockFreq
 .text.HAL_RCC_ClockConfig
                0x080034c4      0x19c build/stm32f1xx_hal_rcc.o
                0x080034c4                HAL_RCC_ClockConfig
 .text.HAL_RCC_GetHCLKFreq
                0x08003660        0xc build/stm32f1xx_hal_rcc.o
                0x08003660                HAL_RCC_GetHCLKFreq
 .text.HAL_RCC_GetPCLK1Freq
                0x0800366c       0x20 build/stm32f1xx_hal_rcc.o
                0x0800366c                HAL_RCC_GetPCLK1Freq
 .text.HAL_RCC_GetPCLK2Freq
                0x0800368c       0x20 build/stm32f1xx_hal_rcc.o
                0x0800368c                HAL_RCC_GetPCLK2Freq
 .text.HAL_RCCEx_PeriphCLKConfig
                0x080036ac      0x114 build/stm32f1xx_hal_rcc_ex.o
                0x080036ac                HAL_RCCEx_PeriphCLKConfig
 .text.HAL_RCCEx_GetPeriphCLKFreq
                0x080037c0       0xfc build/stm32f1xx_hal_rcc_ex.o
                0x080037c0                HAL_RCCEx_GetPeriphCLKFreq
 .text.TIM_OC1_SetConfig
                0x080038bc       0x5c build/stm32f1xx_hal_tim.o
 .text.TIM_OC3_SetConfig
                0x08003918       0x64 build/stm32f1xx_hal_tim.o
 .text.TIM_OC4_SetConfig
                0x0800397c       0x48 build/stm32f1xx_hal_tim.o
 .text.TIM_TI1_ConfigInputStage
                0x080039c4       0x24 build/stm32f1xx_hal_tim.o
 .text.TIM_TI2_ConfigInputStage
                0x080039e8       0x26 build/stm32f1xx_hal_tim.o
 .text.TIM_ITRx_SetConfig
                0x08003a0e       0x10 build/stm32f1xx_hal_tim.o
 .text.TIM_ETR_SetConfig
                0x08003a1e       0x16 build/stm32f1xx_hal_tim.o
 .text.HAL_TIM_Base_Start_IT
                0x08003a34       0x18 build/stm32f1xx_hal_tim.o
                0x08003a34                HAL_TIM_Base_Start_IT
 .text.HAL_TIM_PWM_MspInit
                0x08003a4c        0x2 build/stm32f1xx_hal_tim.o
                0x08003a4c                HAL_TIM_PWM_MspInit
 .text.HAL_TIM_ConfigClockSource
                0x08003a4e      0x108 build/stm32f1xx_hal_tim.o
                0x08003a4e                HAL_TIM_ConfigClockSource
 .text.HAL_TIM_PeriodElapsedCallback
                0x08003b56        0x2 build/stm32f1xx_hal_tim.o
                0x08003b56                HAL_TIM_PeriodElapsedCallback
 .text.HAL_TIM_OC_DelayElapsedCallback
                0x08003b58        0x2 build/stm32f1xx_hal_tim.o
                0x08003b58                HAL_TIM_OC_DelayElapsedCallback
 .text.HAL_TIM_IC_CaptureCallback
                0x08003b5a        0x2 build/stm32f1xx_hal_tim.o
                0x08003b5a                HAL_TIM_IC_CaptureCallback
 .text.HAL_TIM_PWM_PulseFinishedCallback
                0x08003b5c        0x2 build/stm32f1xx_hal_tim.o
                0x08003b5c                HAL_TIM_PWM_PulseFinishedCallback
 .text.HAL_TIM_TriggerCallback
                0x08003b5e        0x2 build/stm32f1xx_hal_tim.o
                0x08003b5e                HAL_TIM_TriggerCallback
 .text.HAL_TIM_IRQHandler
                0x08003b60      0x17a build/stm32f1xx_hal_tim.o
                0x08003b60                HAL_TIM_IRQHandler
 *fill*         0x08003cda        0x2 
 .text.TIM_Base_SetConfig
                0x08003cdc       0x74 build/stm32f1xx_hal_tim.o
                0x08003cdc                TIM_Base_SetConfig
 .text.HAL_TIM_Base_Init
                0x08003d50       0x32 build/stm32f1xx_hal_tim.o
                0x08003d50                HAL_TIM_Base_Init
 .text.HAL_TIM_PWM_Init
                0x08003d82       0x32 build/stm32f1xx_hal_tim.o
                0x08003d82                HAL_TIM_PWM_Init
 .text.TIM_OC2_SetConfig
                0x08003db4       0x64 build/stm32f1xx_hal_tim.o
                0x08003db4                TIM_OC2_SetConfig
 .text.HAL_TIM_PWM_ConfigChannel
                0x08003e18       0xdc build/stm32f1xx_hal_tim.o
                0x08003e18                HAL_TIM_PWM_ConfigChannel
 .text.TIM_CCxChannelCmd
                0x08003ef4       0x1c build/stm32f1xx_hal_tim.o
                0x08003ef4                TIM_CCxChannelCmd
 .text.HAL_TIM_PWM_Start
                0x08003f10       0x30 build/stm32f1xx_hal_tim.o
                0x08003f10                HAL_TIM_PWM_Start
 .text.HAL_TIMEx_ConfigBreakDeadTime
                0x08003f40       0x58 build/stm32f1xx_hal_tim_ex.o
                0x08003f40                HAL_TIMEx_ConfigBreakDeadTime
 .text.HAL_TIMEx_MasterConfigSynchronization
                0x08003f98       0x52 build/stm32f1xx_hal_tim_ex.o
                0x08003f98                HAL_TIMEx_MasterConfigSynchronization
 .text.HAL_TIMEx_CommutationCallback
                0x08003fea        0x2 build/stm32f1xx_hal_tim_ex.o
                0x08003fea                HAL_TIMEx_CommutationCallback
 .text.HAL_TIMEx_BreakCallback
                0x08003fec        0x2 build/stm32f1xx_hal_tim_ex.o
                0x08003fec                HAL_TIMEx_BreakCallback
 .text.USB_CoreInit
                0x08003fee        0xe build/stm32f1xx_ll_usb.o
                0x08003fee                USB_CoreInit
 .text.USB_EnableGlobalInt
                0x08003ffc       0x10 build/stm32f1xx_ll_usb.o
                0x08003ffc                USB_EnableGlobalInt
 .text.USB_DisableGlobalInt
                0x0800400c       0x14 build/stm32f1xx_ll_usb.o
                0x0800400c                USB_DisableGlobalInt
 .text.USB_SetCurrentMode
                0x08004020        0x4 build/stm32f1xx_ll_usb.o
                0x08004020                USB_SetCurrentMode
 .text.USB_DevInit
                0x08004024       0x2c build/stm32f1xx_ll_usb.o
                0x08004024                USB_DevInit
 .text.USB_SetDevAddress
                0x08004050        0xc build/stm32f1xx_ll_usb.o
                0x08004050                USB_SetDevAddress
 .text.USB_DevDisconnect
                0x0800405c        0x4 build/stm32f1xx_ll_usb.o
                0x0800405c                USB_DevDisconnect
 .text.USB_ReadInterrupts
                0x08004060        0x6 build/stm32f1xx_ll_usb.o
                0x08004060                USB_ReadInterrupts
 .text.USB_WritePMA
                0x08004066       0x2a build/stm32f1xx_ll_usb.o
                0x08004066                USB_WritePMA
 .text.USB_EPStartXfer
                0x08004090      0x2ba build/stm32f1xx_ll_usb.o
                0x08004090                USB_EPStartXfer
 .text.USB_ReadPMA
                0x0800434a       0x1e build/stm32f1xx_ll_usb.o
                0x0800434a                USB_ReadPMA
 .text.MX_ADC1_Init
                0x08004368       0x74 build/adc.o
                0x08004368                MX_ADC1_Init
 .text.HAL_ADC_MspInit
                0x080043dc       0xac build/adc.o
                0x080043dc                HAL_ADC_MspInit
 .text.MX_DMA_Init
                0x08004488       0x34 build/dma.o
                0x08004488                MX_DMA_Init
 .text.MX_GPIO_Init
                0x080044bc      0x108 build/gpio.o
                0x080044bc                MX_GPIO_Init
 .text.MX_I2C1_Init
                0x080045c4       0x3c build/i2c.o
                0x080045c4                MX_I2C1_Init
 .text.HAL_I2C_MspInit
                0x08004600       0x84 build/i2c.o
                0x08004600                HAL_I2C_MspInit
 .text.SystemClock_Config
                0x08004684       0x6c build/main.o
                0x08004684                SystemClock_Config
 .text.main     0x080046f0       0x7c build/main.o
                0x080046f0                main
 .text.HAL_ADC_ConvCpltCallback
                0x0800476c       0x34 build/main.o
                0x0800476c                HAL_ADC_ConvCpltCallback
 .text.HAL_I2C_MemRxCpltCallback
                0x080047a0       0x58 build/main.o
                0x080047a0                HAL_I2C_MemRxCpltCallback
 .text.Error_Handler
                0x080047f8        0x2 build/main.o
                0x080047f8                Error_Handler
 *fill*         0x080047fa        0x2 
 .text.HAL_MspInit
                0x080047fc       0x44 build/stm32f1xx_hal_msp.o
                0x080047fc                HAL_MspInit
 .text.NMI_Handler
                0x08004840        0x2 build/stm32f1xx_it.o
                0x08004840                NMI_Handler
 .text.HardFault_Handler
                0x08004842        0x2 build/stm32f1xx_it.o
                0x08004842                HardFault_Handler
 .text.MemManage_Handler
                0x08004844        0x2 build/stm32f1xx_it.o
                0x08004844                MemManage_Handler
 .text.BusFault_Handler
                0x08004846        0x2 build/stm32f1xx_it.o
                0x08004846                BusFault_Handler
 .text.UsageFault_Handler
                0x08004848        0x2 build/stm32f1xx_it.o
                0x08004848                UsageFault_Handler
 .text.SVC_Handler
                0x0800484a        0x2 build/stm32f1xx_it.o
                0x0800484a                SVC_Handler
 .text.DebugMon_Handler
                0x0800484c        0x2 build/stm32f1xx_it.o
                0x0800484c                DebugMon_Handler
 .text.PendSV_Handler
                0x0800484e        0x2 build/stm32f1xx_it.o
                0x0800484e                PendSV_Handler
 .text.SysTick_Handler
                0x08004850        0x8 build/stm32f1xx_it.o
                0x08004850                SysTick_Handler
 .text.DMA1_Channel1_IRQHandler
                0x08004858       0x10 build/stm32f1xx_it.o
                0x08004858                DMA1_Channel1_IRQHandler
 .text.ADC1_2_IRQHandler
                0x08004868       0x10 build/stm32f1xx_it.o
                0x08004868                ADC1_2_IRQHandler
 .text.USB_HP_CAN1_TX_IRQHandler
                0x08004878       0x10 build/stm32f1xx_it.o
                0x08004878                USB_HP_CAN1_TX_IRQHandler
 .text.USB_LP_CAN1_RX0_IRQHandler
                0x08004888       0x10 build/stm32f1xx_it.o
                0x08004888                USB_LP_CAN1_RX0_IRQHandler
 .text.TIM1_BRK_IRQHandler
                0x08004898       0x10 build/stm32f1xx_it.o
                0x08004898                TIM1_BRK_IRQHandler
 .text.TIM1_UP_IRQHandler
                0x080048a8       0x10 build/stm32f1xx_it.o
                0x080048a8                TIM1_UP_IRQHandler
 .text.TIM1_TRG_COM_IRQHandler
                0x080048b8       0x10 build/stm32f1xx_it.o
                0x080048b8                TIM1_TRG_COM_IRQHandler
 .text.TIM1_CC_IRQHandler
                0x080048c8       0x10 build/stm32f1xx_it.o
                0x080048c8                TIM1_CC_IRQHandler
 .text.TIM3_IRQHandler
                0x080048d8       0x10 build/stm32f1xx_it.o
                0x080048d8                TIM3_IRQHandler
 .text.I2C1_EV_IRQHandler
                0x080048e8       0x10 build/stm32f1xx_it.o
                0x080048e8                I2C1_EV_IRQHandler
 .text.I2C1_ER_IRQHandler
                0x080048f8       0x10 build/stm32f1xx_it.o
                0x080048f8                I2C1_ER_IRQHandler
 .text.SystemInit
                0x08004908       0x4c build/system_stm32f1xx.o
                0x08004908                SystemInit
 .text.MX_TIM3_Init
                0x08004954       0x74 build/tim.o
                0x08004954                MX_TIM3_Init
 .text.HAL_TIM_Base_MspInit
                0x080049c8       0xa0 build/tim.o
                0x080049c8                HAL_TIM_Base_MspInit
 .text.HAL_TIM_MspPostInit
                0x08004a68       0x50 build/tim.o
                0x08004a68                HAL_TIM_MspPostInit
 .text.MX_TIM1_Init
                0x08004ab8       0xf4 build/tim.o
                0x08004ab8                MX_TIM1_Init
 .text.MX_USB_PCD_Init
                0x08004bac       0x30 build/usb.o
                0x08004bac                MX_USB_PCD_Init
 .text.HAL_PCD_MspInit
                0x08004bdc       0x50 build/usb.o
                0x08004bdc                HAL_PCD_MspInit
 .text.Reset_Handler
                0x08004c2c       0x48 build/startup_stm32f103xb.o
                0x08004c2c                Reset_Handler
 .text.Default_Handler
                0x08004c74        0x2 build/startup_stm32f103xb.o
                0x08004c74                RTC_Alarm_IRQHandler
                0x08004c74                EXTI2_IRQHandler
                0x08004c74                PVD_IRQHandler
                0x08004c74                EXTI3_IRQHandler
                0x08004c74                EXTI0_IRQHandler
                0x08004c74                I2C2_EV_IRQHandler
                0x08004c74                SPI1_IRQHandler
                0x08004c74                TAMPER_IRQHandler
                0x08004c74                DMA1_Channel4_IRQHandler
                0x08004c74                USART3_IRQHandler
                0x08004c74                RTC_IRQHandler
                0x08004c74                DMA1_Channel7_IRQHandler
                0x08004c74                CAN1_RX1_IRQHandler
                0x08004c74                TIM4_IRQHandler
                0x08004c74                DMA1_Channel6_IRQHandler
                0x08004c74                RCC_IRQHandler
                0x08004c74                Default_Handler
                0x08004c74                EXTI15_10_IRQHandler
                0x08004c74                EXTI9_5_IRQHandler
                0x08004c74                SPI2_IRQHandler
                0x08004c74                DMA1_Channel5_IRQHandler
                0x08004c74                EXTI4_IRQHandler
                0x08004c74                DMA1_Channel3_IRQHandler
                0x08004c74                WWDG_IRQHandler
                0x08004c74                TIM2_IRQHandler
                0x08004c74                EXTI1_IRQHandler
                0x08004c74                USART2_IRQHandler
                0x08004c74                I2C2_ER_IRQHandler
                0x08004c74                DMA1_Channel2_IRQHandler
                0x08004c74                CAN1_SCE_IRQHandler
                0x08004c74                FLASH_IRQHandler
                0x08004c74                USART1_IRQHandler
                0x08004c74                USBWakeUp_IRQHandler
 *fill*         0x08004c76        0x2 
 .text.__libc_init_array
                0x08004c78       0x48 c:/program files (x86)/embedded toolchain/gnu tools arm embedded/7 2017-q4-major/bin/../lib/gcc/arm-none-eabi/7.2.1/../../../../arm-none-eabi/lib/thumb/v7-m\libc_nano.a(lib_a-init.o)
                0x08004c78                __libc_init_array
 *(.glue_7)
 .glue_7        0x08004cc0        0x0 linker stubs
 *(.glue_7t)
 .glue_7t       0x08004cc0        0x0 linker stubs
 *(.eh_frame)
 .eh_frame      0x08004cc0        0x0 c:/program files (x86)/embedded toolchain/gnu tools arm embedded/7 2017-q4-major/bin/../lib/gcc/arm-none-eabi/7.2.1/thumb/v7-m/crtbegin.o
 *(.init)
 .init          0x08004cc0        0x4 c:/program files (x86)/embedded toolchain/gnu tools arm embedded/7 2017-q4-major/bin/../lib/gcc/arm-none-eabi/7.2.1/thumb/v7-m/crti.o
                0x08004cc0                _init
 .init          0x08004cc4        0x8 c:/program files (x86)/embedded toolchain/gnu tools arm embedded/7 2017-q4-major/bin/../lib/gcc/arm-none-eabi/7.2.1/thumb/v7-m/crtn.o
 *(.fini)
 .fini          0x08004ccc        0x4 c:/program files (x86)/embedded toolchain/gnu tools arm embedded/7 2017-q4-major/bin/../lib/gcc/arm-none-eabi/7.2.1/thumb/v7-m/crti.o
                0x08004ccc                _fini
 .fini          0x08004cd0        0x8 c:/program files (x86)/embedded toolchain/gnu tools arm embedded/7 2017-q4-major/bin/../lib/gcc/arm-none-eabi/7.2.1/thumb/v7-m/crtn.o
                0x08004cd8                . = ALIGN (0x4)
                0x08004cd8                _etext = .

.vfp11_veneer   0x08004cd8        0x0
 .vfp11_veneer  0x08004cd8        0x0 linker stubs

.v4_bx          0x08004cd8        0x0
 .v4_bx         0x08004cd8        0x0 linker stubs

.iplt           0x08004cd8        0x0
 .iplt          0x08004cd8        0x0 c:/program files (x86)/embedded toolchain/gnu tools arm embedded/7 2017-q4-major/bin/../lib/gcc/arm-none-eabi/7.2.1/thumb/v7-m/crtbegin.o

.rodata         0x08004cd8       0x40
                0x08004cd8                . = ALIGN (0x4)
 *(.rodata)
 .rodata        0x08004cd8       0x12 build/stm32f1xx_hal_rcc.o
 *fill*         0x08004cea        0x2 
 .rodata        0x08004cec       0x12 build/stm32f1xx_hal_rcc_ex.o
 *(.rodata*)
 *fill*         0x08004cfe        0x2 
 .rodata.AHBPrescTable
                0x08004d00       0x10 build/system_stm32f1xx.o
                0x08004d00                AHBPrescTable
 .rodata.APBPrescTable
                0x08004d10        0x8 build/system_stm32f1xx.o
                0x08004d10                APBPrescTable
                0x08004d18                . = ALIGN (0x4)

.rel.dyn        0x08004d18        0x0
 .rel.iplt      0x08004d18        0x0 c:/program files (x86)/embedded toolchain/gnu tools arm embedded/7 2017-q4-major/bin/../lib/gcc/arm-none-eabi/7.2.1/thumb/v7-m/crtbegin.o

.ARM.extab
 *(.ARM.extab* .gnu.linkonce.armextab.*)

.ARM            0x08004d18        0x0
                0x08004d18                __exidx_start = .
 *(.ARM.exidx*)
                0x08004d18                __exidx_end = .

.preinit_array  0x08004d18        0x0
                0x08004d18                PROVIDE (__preinit_array_start, .)
 *(.preinit_array*)
                0x08004d18                PROVIDE (__preinit_array_end, .)

.init_array     0x08004d18        0x4
                0x08004d18                PROVIDE (__init_array_start, .)
 *(SORT_BY_NAME(.init_array.*))
 *(.init_array*)
 .init_array    0x08004d18        0x4 c:/program files (x86)/embedded toolchain/gnu tools arm embedded/7 2017-q4-major/bin/../lib/gcc/arm-none-eabi/7.2.1/thumb/v7-m/crtbegin.o
                0x08004d1c                PROVIDE (__init_array_end, .)

.fini_array     0x08004d1c        0x4
                [!provide]                PROVIDE (__fini_array_start, .)
 *(SORT_BY_NAME(.fini_array.*))
 *(.fini_array*)
 .fini_array    0x08004d1c        0x4 c:/program files (x86)/embedded toolchain/gnu tools arm embedded/7 2017-q4-major/bin/../lib/gcc/arm-none-eabi/7.2.1/thumb/v7-m/crtbegin.o
                [!provide]                PROVIDE (__fini_array_end, .)
                0x08004d20                _sidata = LOADADDR (.data)

.data           0x20000000        0xc load address 0x08004d20
                0x20000000                . = ALIGN (0x4)
                0x20000000                _sdata = .
 *(.data)
 *(.data*)
 .data.uwTickFreq
                0x20000000        0x1 build/stm32f1xx_hal.o
                0x20000000                uwTickFreq
 *fill*         0x20000001        0x3 
 .data.uwTickPrio
                0x20000004        0x4 build/stm32f1xx_hal.o
                0x20000004                uwTickPrio
 .data.SystemCoreClock
                0x20000008        0x4 build/system_stm32f1xx.o
                0x20000008                SystemCoreClock
                0x2000000c                . = ALIGN (0x4)
                0x2000000c                _edata = .

.igot.plt       0x2000000c        0x0 load address 0x08004d2c
 .igot.plt      0x2000000c        0x0 c:/program files (x86)/embedded toolchain/gnu tools arm embedded/7 2017-q4-major/bin/../lib/gcc/arm-none-eabi/7.2.1/thumb/v7-m/crtbegin.o
                0x2000000c                . = ALIGN (0x4)

.bss            0x2000000c      0x5d8 load address 0x08004d2c
                0x2000000c                _sbss = .
                0x2000000c                __bss_start__ = _sbss
 *(.bss)
 .bss           0x2000000c       0x1c c:/program files (x86)/embedded toolchain/gnu tools arm embedded/7 2017-q4-major/bin/../lib/gcc/arm-none-eabi/7.2.1/thumb/v7-m/crtbegin.o
 *(.bss*)
 *(COMMON)
 COMMON         0x20000028        0x4 build/stm32f1xx_hal.o
                0x20000028                uwTick
 COMMON         0x2000002c       0x74 build/adc.o
                0x2000002c                hadc1
                0x2000005c                hdma_adc1
 COMMON         0x200000a0       0x54 build/i2c.o
                0x200000a0                hi2c1
 COMMON         0x200000f4       0x10 build/main.o
                0x200000f4                rawMpu
                0x200000fc                servoPosition
                0x20000100                rawAdc
 COMMON         0x20000104       0x80 build/tim.o
                0x20000104                htim3
                0x20000144                htim1
 COMMON         0x20000184      0x460 build/usb.o
                0x20000184                hpcd_USB_FS
                0x200005e4                . = ALIGN (0x4)
                0x200005e4                _ebss = .
                0x200005e4                __bss_end__ = _ebss

._user_heap_stack
                0x200005e4      0x604 load address 0x08004d2c
                0x200005e8                . = ALIGN (0x8)
 *fill*         0x200005e4        0x4 
                0x200005e8                PROVIDE (end, .)
                [!provide]                PROVIDE (_end, .)
                0x200007e8                . = (. + _Min_Heap_Size)
 *fill*         0x200005e8      0x200 
                0x20000be8                . = (. + _Min_Stack_Size)
 *fill*         0x200007e8      0x400 
                0x20000be8                . = ALIGN (0x8)

/DISCARD/
 libc.a(*)
 libm.a(*)
 libgcc.a(*)

.ARM.attributes
                0x00000000       0x29
 *(.ARM.attributes)
 .ARM.attributes
                0x00000000       0x1d c:/program files (x86)/embedded toolchain/gnu tools arm embedded/7 2017-q4-major/bin/../lib/gcc/arm-none-eabi/7.2.1/thumb/v7-m/crti.o
 .ARM.attributes
                0x0000001d       0x2d c:/program files (x86)/embedded toolchain/gnu tools arm embedded/7 2017-q4-major/bin/../lib/gcc/arm-none-eabi/7.2.1/thumb/v7-m/crtbegin.o
 .ARM.attributes
                0x0000004a       0x33 build/stm32f1xx_hal.o
 .ARM.attributes
                0x0000007d       0x33 build/stm32f1xx_hal_adc.o
 .ARM.attributes
                0x000000b0       0x33 build/stm32f1xx_hal_adc_ex.o
 .ARM.attributes
                0x000000e3       0x33 build/stm32f1xx_hal_cortex.o
 .ARM.attributes
                0x00000116       0x33 build/stm32f1xx_hal_dma.o
 .ARM.attributes
                0x00000149       0x33 build/stm32f1xx_hal_gpio.o
 .ARM.attributes
                0x0000017c       0x33 build/stm32f1xx_hal_i2c.o
 .ARM.attributes
                0x000001af       0x33 build/stm32f1xx_hal_pcd.o
 .ARM.attributes
                0x000001e2       0x33 build/stm32f1xx_hal_rcc.o
 .ARM.attributes
                0x00000215       0x33 build/stm32f1xx_hal_rcc_ex.o
 .ARM.attributes
                0x00000248       0x33 build/stm32f1xx_hal_tim.o
 .ARM.attributes
                0x0000027b       0x33 build/stm32f1xx_hal_tim_ex.o
 .ARM.attributes
                0x000002ae       0x33 build/stm32f1xx_ll_usb.o
 .ARM.attributes
                0x000002e1       0x33 build/adc.o
 .ARM.attributes
                0x00000314       0x33 build/dma.o
 .ARM.attributes
                0x00000347       0x33 build/gpio.o
 .ARM.attributes
                0x0000037a       0x33 build/i2c.o
 .ARM.attributes
                0x000003ad       0x33 build/main.o
 .ARM.attributes
                0x000003e0       0x33 build/stm32f1xx_hal_msp.o
 .ARM.attributes
                0x00000413       0x33 build/stm32f1xx_it.o
 .ARM.attributes
                0x00000446       0x33 build/system_stm32f1xx.o
 .ARM.attributes
                0x00000479       0x33 build/tim.o
 .ARM.attributes
                0x000004ac       0x33 build/usb.o
 .ARM.attributes
                0x000004df       0x21 build/startup_stm32f103xb.o
 .ARM.attributes
                0x00000500       0x2d c:/program files (x86)/embedded toolchain/gnu tools arm embedded/7 2017-q4-major/bin/../lib/gcc/arm-none-eabi/7.2.1/../../../../arm-none-eabi/lib/thumb/v7-m\libc_nano.a(lib_a-init.o)
 .ARM.attributes
                0x0000052d       0x1d c:/program files (x86)/embedded toolchain/gnu tools arm embedded/7 2017-q4-major/bin/../lib/gcc/arm-none-eabi/7.2.1/thumb/v7-m\libgcc.a(_arm_addsubdf3.o)
 .ARM.attributes
                0x0000054a       0x1d c:/program files (x86)/embedded toolchain/gnu tools arm embedded/7 2017-q4-major/bin/../lib/gcc/arm-none-eabi/7.2.1/thumb/v7-m\libgcc.a(_arm_muldivdf3.o)
 .ARM.attributes
                0x00000567       0x1d c:/program files (x86)/embedded toolchain/gnu tools arm embedded/7 2017-q4-major/bin/../lib/gcc/arm-none-eabi/7.2.1/thumb/v7-m\libgcc.a(_arm_fixunsdfsi.o)
 .ARM.attributes
                0x00000584       0x1d c:/program files (x86)/embedded toolchain/gnu tools arm embedded/7 2017-q4-major/bin/../lib/gcc/arm-none-eabi/7.2.1/thumb/v7-m/crtn.o
OUTPUT(build/stm32f103TemplateProject.elf elf32-littlearm)

.debug_info     0x00000000    0x222fc
 .debug_info    0x00000000     0x113a build/stm32f1xx_hal.o
 .debug_info    0x0000113a     0x186c build/stm32f1xx_hal_adc.o
 .debug_info    0x000029a6     0x1557 build/stm32f1xx_hal_adc_ex.o
 .debug_info    0x00003efd     0x1646 build/stm32f1xx_hal_cortex.o
 .debug_info    0x00005543     0x11b8 build/stm32f1xx_hal_dma.o
 .debug_info    0x000066fb     0x101e build/stm32f1xx_hal_gpio.o
 .debug_info    0x00007719     0x3a8d build/stm32f1xx_hal_i2c.o
 .debug_info    0x0000b1a6     0x1c38 build/stm32f1xx_hal_pcd.o
 .debug_info    0x0000cdde     0x13cd build/stm32f1xx_hal_rcc.o
 .debug_info    0x0000e1ab      0xdcc build/stm32f1xx_hal_rcc_ex.o
 .debug_info    0x0000ef77     0x3a49 build/stm32f1xx_hal_tim.o
 .debug_info    0x000129c0     0x1d2f build/stm32f1xx_hal_tim_ex.o
 .debug_info    0x000146ef     0x1937 build/stm32f1xx_ll_usb.o
 .debug_info    0x00016026     0x1499 build/adc.o
 .debug_info    0x000174bf      0xce4 build/dma.o
 .debug_info    0x000181a3      0xda9 build/gpio.o
 .debug_info    0x00018f4c     0x1480 build/i2c.o
 .debug_info    0x0001a3cc     0x1eb8 build/main.o
 .debug_info    0x0001c284      0xbfb build/stm32f1xx_hal_msp.o
 .debug_info    0x0001ce7f     0x1b8a build/stm32f1xx_it.o
 .debug_info    0x0001ea09      0xd8f build/system_stm32f1xx.o
 .debug_info    0x0001f798     0x18c1 build/tim.o
 .debug_info    0x00021059     0x12a3 build/usb.o

.debug_abbrev   0x00000000     0x3d9e
 .debug_abbrev  0x00000000      0x2fd build/stm32f1xx_hal.o
 .debug_abbrev  0x000002fd      0x2a0 build/stm32f1xx_hal_adc.o
 .debug_abbrev  0x0000059d      0x2d1 build/stm32f1xx_hal_adc_ex.o
 .debug_abbrev  0x0000086e      0x3d3 build/stm32f1xx_hal_cortex.o
 .debug_abbrev  0x00000c41      0x2e3 build/stm32f1xx_hal_dma.o
 .debug_abbrev  0x00000f24      0x2be build/stm32f1xx_hal_gpio.o
 .debug_abbrev  0x000011e2      0x33a build/stm32f1xx_hal_i2c.o
 .debug_abbrev  0x0000151c      0x370 build/stm32f1xx_hal_pcd.o
 .debug_abbrev  0x0000188c      0x332 build/stm32f1xx_hal_rcc.o
 .debug_abbrev  0x00001bbe      0x296 build/stm32f1xx_hal_rcc_ex.o
 .debug_abbrev  0x00001e54      0x31f build/stm32f1xx_hal_tim.o
 .debug_abbrev  0x00002173      0x2f8 build/stm32f1xx_hal_tim_ex.o
 .debug_abbrev  0x0000246b      0x2da build/stm32f1xx_ll_usb.o
 .debug_abbrev  0x00002745      0x260 build/adc.o
 .debug_abbrev  0x000029a5      0x216 build/dma.o
 .debug_abbrev  0x00002bbb      0x20d build/gpio.o
 .debug_abbrev  0x00002dc8      0x24f build/i2c.o
 .debug_abbrev  0x00003017      0x2ba build/main.o
 .debug_abbrev  0x000032d1      0x1de build/stm32f1xx_hal_msp.o
 .debug_abbrev  0x000034af      0x22a build/stm32f1xx_it.o
 .debug_abbrev  0x000036d9      0x209 build/system_stm32f1xx.o
 .debug_abbrev  0x000038e2      0x260 build/tim.o
 .debug_abbrev  0x00003b42      0x25c build/usb.o

.debug_loc      0x00000000     0xec2a
 .debug_loc     0x00000000      0x19d build/stm32f1xx_hal.o
 .debug_loc     0x0000019d      0xd12 build/stm32f1xx_hal_adc.o
 .debug_loc     0x00000eaf      0x9b6 build/stm32f1xx_hal_adc_ex.o
 .debug_loc     0x00001865      0x63d build/stm32f1xx_hal_cortex.o
 .debug_loc     0x00001ea2      0x8da build/stm32f1xx_hal_dma.o
 .debug_loc     0x0000277c      0x516 build/stm32f1xx_hal_gpio.o
 .debug_loc     0x00002c92     0x3d23 build/stm32f1xx_hal_i2c.o
 .debug_loc     0x000069b5      0xd48 build/stm32f1xx_hal_pcd.o
 .debug_loc     0x000076fd      0x68e build/stm32f1xx_hal_rcc.o
 .debug_loc     0x00007d8b      0x358 build/stm32f1xx_hal_rcc_ex.o
 .debug_loc     0x000080e3     0x40e2 build/stm32f1xx_hal_tim.o
 .debug_loc     0x0000c1c5     0x13ca build/stm32f1xx_hal_tim_ex.o
 .debug_loc     0x0000d58f      0xd39 build/stm32f1xx_ll_usb.o
 .debug_loc     0x0000e2c8      0x10b build/adc.o
 .debug_loc     0x0000e3d3       0x38 build/dma.o
 .debug_loc     0x0000e40b       0x39 build/gpio.o
 .debug_loc     0x0000e444       0xf8 build/i2c.o
 .debug_loc     0x0000e53c      0x17e build/main.o
 .debug_loc     0x0000e6ba       0x2c build/stm32f1xx_hal_msp.o
 .debug_loc     0x0000e6e6      0x180 build/stm32f1xx_it.o
 .debug_loc     0x0000e866       0xdf build/system_stm32f1xx.o
 .debug_loc     0x0000e945      0x212 build/tim.o
 .debug_loc     0x0000eb57       0xd3 build/usb.o

.debug_aranges  0x00000000      0xfe0
 .debug_aranges
                0x00000000       0xd0 build/stm32f1xx_hal.o
 .debug_aranges
                0x000000d0       0xf0 build/stm32f1xx_hal_adc.o
 .debug_aranges
                0x000001c0       0x80 build/stm32f1xx_hal_adc_ex.o
 .debug_aranges
                0x00000240       0x90 build/stm32f1xx_hal_cortex.o
 .debug_aranges
                0x000002d0       0x80 build/stm32f1xx_hal_dma.o
 .debug_aranges
                0x00000350       0x58 build/stm32f1xx_hal_gpio.o
 .debug_aranges
                0x000003a8      0x268 build/stm32f1xx_hal_i2c.o
 .debug_aranges
                0x00000610      0x120 build/stm32f1xx_hal_pcd.o
 .debug_aranges
                0x00000730       0x90 build/stm32f1xx_hal_rcc.o
 .debug_aranges
                0x000007c0       0x30 build/stm32f1xx_hal_rcc_ex.o
 .debug_aranges
                0x000007f0      0x368 build/stm32f1xx_hal_tim.o
 .debug_aranges
                0x00000b58      0x138 build/stm32f1xx_hal_tim_ex.o
 .debug_aranges
                0x00000c90      0x100 build/stm32f1xx_ll_usb.o
 .debug_aranges
                0x00000d90       0x30 build/adc.o
 .debug_aranges
                0x00000dc0       0x20 build/dma.o
 .debug_aranges
                0x00000de0       0x20 build/gpio.o
 .debug_aranges
                0x00000e00       0x30 build/i2c.o
 .debug_aranges
                0x00000e30       0x40 build/main.o
 .debug_aranges
                0x00000e70       0x20 build/stm32f1xx_hal_msp.o
 .debug_aranges
                0x00000e90       0xb8 build/stm32f1xx_it.o
 .debug_aranges
                0x00000f48       0x28 build/system_stm32f1xx.o
 .debug_aranges
                0x00000f70       0x40 build/tim.o
 .debug_aranges
                0x00000fb0       0x30 build/usb.o

.debug_ranges   0x00000000     0x1028
 .debug_ranges  0x00000000       0xc0 build/stm32f1xx_hal.o
 .debug_ranges  0x000000c0       0xe0 build/stm32f1xx_hal_adc.o
 .debug_ranges  0x000001a0       0x70 build/stm32f1xx_hal_adc_ex.o
 .debug_ranges  0x00000210       0xe0 build/stm32f1xx_hal_cortex.o
 .debug_ranges  0x000002f0       0x70 build/stm32f1xx_hal_dma.o
 .debug_ranges  0x00000360       0x48 build/stm32f1xx_hal_gpio.o
 .debug_ranges  0x000003a8      0x258 build/stm32f1xx_hal_i2c.o
 .debug_ranges  0x00000600      0x140 build/stm32f1xx_hal_pcd.o
 .debug_ranges  0x00000740       0xa0 build/stm32f1xx_hal_rcc.o
 .debug_ranges  0x000007e0       0x38 build/stm32f1xx_hal_rcc_ex.o
 .debug_ranges  0x00000818      0x358 build/stm32f1xx_hal_tim.o
 .debug_ranges  0x00000b70      0x128 build/stm32f1xx_hal_tim_ex.o
 .debug_ranges  0x00000c98      0x1e0 build/stm32f1xx_ll_usb.o
 .debug_ranges  0x00000e78       0x20 build/adc.o
 .debug_ranges  0x00000e98       0x10 build/dma.o
 .debug_ranges  0x00000ea8       0x10 build/gpio.o
 .debug_ranges  0x00000eb8       0x20 build/i2c.o
 .debug_ranges  0x00000ed8       0x30 build/main.o
 .debug_ranges  0x00000f08       0x10 build/stm32f1xx_hal_msp.o
 .debug_ranges  0x00000f18       0xa8 build/stm32f1xx_it.o
 .debug_ranges  0x00000fc0       0x18 build/system_stm32f1xx.o
 .debug_ranges  0x00000fd8       0x30 build/tim.o
 .debug_ranges  0x00001008       0x20 build/usb.o

.debug_line     0x00000000     0x8db7
 .debug_line    0x00000000      0x482 build/stm32f1xx_hal.o
 .debug_line    0x00000482      0x86a build/stm32f1xx_hal_adc.o
 .debug_line    0x00000cec      0x6bc build/stm32f1xx_hal_adc_ex.o
 .debug_line    0x000013a8      0x478 build/stm32f1xx_hal_cortex.o
 .debug_line    0x00001820      0x657 build/stm32f1xx_hal_dma.o
 .debug_line    0x00001e77      0x48c build/stm32f1xx_hal_gpio.o
 .debug_line    0x00002303     0x157a build/stm32f1xx_hal_i2c.o
 .debug_line    0x0000387d      0x7dc build/stm32f1xx_hal_pcd.o
 .debug_line    0x00004059      0x5ed build/stm32f1xx_hal_rcc.o
 .debug_line    0x00004646      0x3ae build/stm32f1xx_hal_rcc_ex.o
 .debug_line    0x000049f4     0x12d4 build/stm32f1xx_hal_tim.o
 .debug_line    0x00005cc8      0x88e build/stm32f1xx_hal_tim_ex.o
 .debug_line    0x00006556      0x70c build/stm32f1xx_ll_usb.o
 .debug_line    0x00006c62      0x378 build/adc.o
 .debug_line    0x00006fda      0x29d build/dma.o
 .debug_line    0x00007277      0x2b7 build/gpio.o
 .debug_line    0x0000752e      0x356 build/i2c.o
 .debug_line    0x00007884      0x42d build/main.o
 .debug_line    0x00007cb1      0x292 build/stm32f1xx_hal_msp.o
 .debug_line    0x00007f43      0x475 build/stm32f1xx_it.o
 .debug_line    0x000083b8      0x2dd build/system_stm32f1xx.o
 .debug_line    0x00008695      0x3e4 build/tim.o
 .debug_line    0x00008a79      0x33e build/usb.o

.debug_str      0x00000000     0x49e9
 .debug_str     0x00000000      0xbb6 build/stm32f1xx_hal.o
                                0xc3e (size before relaxing)
 .debug_str     0x00000bb6      0x623 build/stm32f1xx_hal_adc.o
                                0xd5a (size before relaxing)
 .debug_str     0x000011d9      0x28e build/stm32f1xx_hal_adc_ex.o
                                0xd0d (size before relaxing)
 .debug_str     0x00001467      0x2de build/stm32f1xx_hal_cortex.o
                                0xd66 (size before relaxing)
 .debug_str     0x00001745      0x21d build/stm32f1xx_hal_dma.o
                                0xaca (size before relaxing)
 .debug_str     0x00001962      0x1c8 build/stm32f1xx_hal_gpio.o
                                0x8d3 (size before relaxing)
 .debug_str     0x00001b2a      0xa63 build/stm32f1xx_hal_i2c.o
                               0x1369 (size before relaxing)
 .debug_str     0x0000258d      0x7a0 build/stm32f1xx_hal_pcd.o
                                0xecd (size before relaxing)
 .debug_str     0x00002d2d      0x2ed build/stm32f1xx_hal_rcc.o
                                0xaaa (size before relaxing)
 .debug_str     0x0000301a      0x10d build/stm32f1xx_hal_rcc_ex.o
                                0x88e (size before relaxing)
 .debug_str     0x00003127      0xf02 build/stm32f1xx_hal_tim.o
                               0x1802 (size before relaxing)
 .debug_str     0x00004029      0x4ee build/stm32f1xx_hal_tim_ex.o
                               0x10a4 (size before relaxing)
 .debug_str     0x00004517      0x152 build/stm32f1xx_ll_usb.o
                                0xbcb (size before relaxing)
 .debug_str     0x00004669       0x4f build/adc.o
                                0xdfa (size before relaxing)
 .debug_str     0x000046b8       0x16 build/dma.o
                                0x9a8 (size before relaxing)
 .debug_str     0x000046ce       0x18 build/gpio.o
                                0x745 (size before relaxing)
 .debug_str     0x000046e6       0x27 build/i2c.o
                                0xefb (size before relaxing)
 .debug_str     0x0000470d       0x9a build/main.o
                               0x13e1 (size before relaxing)
 .debug_str     0x000047a7       0x18 build/stm32f1xx_hal_msp.o
                                0x6e7 (size before relaxing)
 .debug_str     0x000047bf      0x18b build/stm32f1xx_it.o
                               0x1263 (size before relaxing)
 .debug_str     0x0000494a       0x4a build/system_stm32f1xx.o
                                0x73c (size before relaxing)
 .debug_str     0x00004994       0x41 build/tim.o
                               0x10b4 (size before relaxing)
 .debug_str     0x000049d5       0x14 build/usb.o
                                0xd35 (size before relaxing)

.comment        0x00000000       0x7e
 .comment       0x00000000       0x7e build/stm32f1xx_hal.o
                                 0x7f (size before relaxing)
 .comment       0x0000007e       0x7f build/stm32f1xx_hal_adc.o
 .comment       0x0000007e       0x7f build/stm32f1xx_hal_adc_ex.o
 .comment       0x0000007e       0x7f build/stm32f1xx_hal_cortex.o
 .comment       0x0000007e       0x7f build/stm32f1xx_hal_dma.o
 .comment       0x0000007e       0x7f build/stm32f1xx_hal_gpio.o
 .comment       0x0000007e       0x7f build/stm32f1xx_hal_i2c.o
 .comment       0x0000007e       0x7f build/stm32f1xx_hal_pcd.o
 .comment       0x0000007e       0x7f build/stm32f1xx_hal_rcc.o
 .comment       0x0000007e       0x7f build/stm32f1xx_hal_rcc_ex.o
 .comment       0x0000007e       0x7f build/stm32f1xx_hal_tim.o
 .comment       0x0000007e       0x7f build/stm32f1xx_hal_tim_ex.o
 .comment       0x0000007e       0x7f build/stm32f1xx_ll_usb.o
 .comment       0x0000007e       0x7f build/adc.o
 .comment       0x0000007e       0x7f build/dma.o
 .comment       0x0000007e       0x7f build/gpio.o
 .comment       0x0000007e       0x7f build/i2c.o
 .comment       0x0000007e       0x7f build/main.o
 .comment       0x0000007e       0x7f build/stm32f1xx_hal_msp.o
 .comment       0x0000007e       0x7f build/stm32f1xx_it.o
 .comment       0x0000007e       0x7f build/system_stm32f1xx.o
 .comment       0x0000007e       0x7f build/tim.o
 .comment       0x0000007e       0x7f build/usb.o

.debug_frame    0x00000000     0x30c8
 .debug_frame   0x00000000      0x1c0 build/stm32f1xx_hal.o
 .debug_frame   0x000001c0      0x31c build/stm32f1xx_hal_adc.o
 .debug_frame   0x000004dc      0x1c4 build/stm32f1xx_hal_adc_ex.o
 .debug_frame   0x000006a0      0x13c build/stm32f1xx_hal_cortex.o
 .debug_frame   0x000007dc      0x168 build/stm32f1xx_hal_dma.o
 .debug_frame   0x00000944       0xe8 build/stm32f1xx_hal_gpio.o
 .debug_frame   0x00000a2c      0x97c build/stm32f1xx_hal_i2c.o
 .debug_frame   0x000013a8      0x350 build/stm32f1xx_hal_pcd.o
 .debug_frame   0x000016f8      0x194 build/stm32f1xx_hal_rcc.o
 .debug_frame   0x0000188c       0x74 build/stm32f1xx_hal_rcc_ex.o
 .debug_frame   0x00001900      0xb1c build/stm32f1xx_hal_tim.o
 .debug_frame   0x0000241c      0x3e4 build/stm32f1xx_hal_tim_ex.o
 .debug_frame   0x00002800      0x250 build/stm32f1xx_ll_usb.o
 .debug_frame   0x00002a50       0x70 build/adc.o
 .debug_frame   0x00002ac0       0x2c build/dma.o
 .debug_frame   0x00002aec       0x40 build/gpio.o
 .debug_frame   0x00002b2c       0x6c build/i2c.o
 .debug_frame   0x00002b98       0x98 build/main.o
 .debug_frame   0x00002c30       0x28 build/stm32f1xx_hal_msp.o
 .debug_frame   0x00002c58      0x1e0 build/stm32f1xx_it.o
 .debug_frame   0x00002e38       0x30 build/system_stm32f1xx.o
 .debug_frame   0x00002e68       0xb0 build/tim.o
 .debug_frame   0x00002f18       0x64 build/usb.o
 .debug_frame   0x00002f7c       0x2c c:/program files (x86)/embedded toolchain/gnu tools arm embedded/7 2017-q4-major/bin/../lib/gcc/arm-none-eabi/7.2.1/../../../../arm-none-eabi/lib/thumb/v7-m\libc_nano.a(lib_a-init.o)
 .debug_frame   0x00002fa8       0xac c:/program files (x86)/embedded toolchain/gnu tools arm embedded/7 2017-q4-major/bin/../lib/gcc/arm-none-eabi/7.2.1/thumb/v7-m\libgcc.a(_arm_addsubdf3.o)
 .debug_frame   0x00003054       0x50 c:/program files (x86)/embedded toolchain/gnu tools arm embedded/7 2017-q4-major/bin/../lib/gcc/arm-none-eabi/7.2.1/thumb/v7-m\libgcc.a(_arm_muldivdf3.o)
 .debug_frame   0x000030a4       0x24 c:/program files (x86)/embedded toolchain/gnu tools arm embedded/7 2017-q4-major/bin/../lib/gcc/arm-none-eabi/7.2.1/thumb/v7-m\libgcc.a(_arm_fixunsdfsi.o)

Cross Reference Table

Symbol                                            File
ADC1_2_IRQHandler                                 build/stm32f1xx_it.o
ADC_ConversionStop_Disable                        build/stm32f1xx_hal_adc.o
                                                  build/stm32f1xx_hal_adc_ex.o
ADC_DMAConvCplt                                   build/stm32f1xx_hal_adc.o
                                                  build/stm32f1xx_hal_adc_ex.o
ADC_DMAError                                      build/stm32f1xx_hal_adc.o
                                                  build/stm32f1xx_hal_adc_ex.o
ADC_DMAHalfConvCplt                               build/stm32f1xx_hal_adc.o
                                                  build/stm32f1xx_hal_adc_ex.o
ADC_Enable                                        build/stm32f1xx_hal_adc.o
                                                  build/stm32f1xx_hal_adc_ex.o
AHBPrescTable                                     build/system_stm32f1xx.o
                                                  build/stm32f1xx_hal_rcc.o
APBPrescTable                                     build/system_stm32f1xx.o
                                                  build/stm32f1xx_hal_rcc.o
BusFault_Handler                                  build/stm32f1xx_it.o
CAN1_RX1_IRQHandler                               build/startup_stm32f103xb.o
CAN1_SCE_IRQHandler                               build/startup_stm32f103xb.o
DMA1_Channel1_IRQHandler                          build/stm32f1xx_it.o
DMA1_Channel2_IRQHandler                          build/startup_stm32f103xb.o
DMA1_Channel3_IRQHandler                          build/startup_stm32f103xb.o
DMA1_Channel4_IRQHandler                          build/startup_stm32f103xb.o
DMA1_Channel5_IRQHandler                          build/startup_stm32f103xb.o
DMA1_Channel6_IRQHandler                          build/startup_stm32f103xb.o
DMA1_Channel7_IRQHandler                          build/startup_stm32f103xb.o
DebugMon_Handler                                  build/stm32f1xx_it.o
Default_Handler                                   build/startup_stm32f103xb.o
EXTI0_IRQHandler                                  build/startup_stm32f103xb.o
EXTI15_10_IRQHandler                              build/startup_stm32f103xb.o
EXTI1_IRQHandler                                  build/startup_stm32f103xb.o
EXTI2_IRQHandler                                  build/startup_stm32f103xb.o
EXTI3_IRQHandler                                  build/startup_stm32f103xb.o
EXTI4_IRQHandler                                  build/startup_stm32f103xb.o
EXTI9_5_IRQHandler                                build/startup_stm32f103xb.o
Error_Handler                                     build/main.o
                                                  build/usb.o
                                                  build/tim.o
                                                  build/i2c.o
                                                  build/adc.o
FLASH_IRQHandler                                  build/startup_stm32f103xb.o
FLASH_PageErase                                   build/stm32f1xx_hal_flash_ex.o
                                                  build/stm32f1xx_hal_flash.o
FLASH_WaitForLastOperation                        build/stm32f1xx_hal_flash.o
                                                  build/stm32f1xx_hal_flash_ex.o
HAL_ADCEx_Calibration_Start                       build/stm32f1xx_hal_adc_ex.o
                                                  build/main.o
HAL_ADCEx_InjectedConfigChannel                   build/stm32f1xx_hal_adc_ex.o
HAL_ADCEx_InjectedConvCpltCallback                build/stm32f1xx_hal_adc_ex.o
                                                  build/stm32f1xx_hal_adc.o
HAL_ADCEx_InjectedGetValue                        build/stm32f1xx_hal_adc_ex.o
HAL_ADCEx_InjectedPollForConversion               build/stm32f1xx_hal_adc_ex.o
HAL_ADCEx_InjectedStart                           build/stm32f1xx_hal_adc_ex.o
HAL_ADCEx_InjectedStart_IT                        build/stm32f1xx_hal_adc_ex.o
HAL_ADCEx_InjectedStop                            build/stm32f1xx_hal_adc_ex.o
HAL_ADCEx_InjectedStop_IT                         build/stm32f1xx_hal_adc_ex.o
HAL_ADCEx_MultiModeConfigChannel                  build/stm32f1xx_hal_adc_ex.o
HAL_ADCEx_MultiModeGetValue                       build/stm32f1xx_hal_adc_ex.o
HAL_ADCEx_MultiModeStart_DMA                      build/stm32f1xx_hal_adc_ex.o
HAL_ADCEx_MultiModeStop_DMA                       build/stm32f1xx_hal_adc_ex.o
HAL_ADC_AnalogWDGConfig                           build/stm32f1xx_hal_adc.o
HAL_ADC_ConfigChannel                             build/stm32f1xx_hal_adc.o
                                                  build/adc.o
HAL_ADC_ConvCpltCallback                          build/main.o
                                                  build/stm32f1xx_hal_adc.o
HAL_ADC_ConvHalfCpltCallback                      build/stm32f1xx_hal_adc.o
HAL_ADC_DeInit                                    build/stm32f1xx_hal_adc.o
HAL_ADC_ErrorCallback                             build/stm32f1xx_hal_adc.o
HAL_ADC_GetError                                  build/stm32f1xx_hal_adc.o
HAL_ADC_GetState                                  build/stm32f1xx_hal_adc.o
HAL_ADC_GetValue                                  build/stm32f1xx_hal_adc.o
HAL_ADC_IRQHandler                                build/stm32f1xx_hal_adc.o
                                                  build/stm32f1xx_it.o
HAL_ADC_Init                                      build/stm32f1xx_hal_adc.o
                                                  build/adc.o
HAL_ADC_LevelOutOfWindowCallback                  build/stm32f1xx_hal_adc.o
HAL_ADC_MspDeInit                                 build/adc.o
                                                  build/stm32f1xx_hal_adc.o
HAL_ADC_MspInit                                   build/adc.o
                                                  build/stm32f1xx_hal_adc.o
HAL_ADC_PollForConversion                         build/stm32f1xx_hal_adc.o
HAL_ADC_PollForEvent                              build/stm32f1xx_hal_adc.o
HAL_ADC_Start                                     build/stm32f1xx_hal_adc.o
HAL_ADC_Start_DMA                                 build/stm32f1xx_hal_adc.o
                                                  build/main.o
HAL_ADC_Start_IT                                  build/stm32f1xx_hal_adc.o
HAL_ADC_Stop                                      build/stm32f1xx_hal_adc.o
HAL_ADC_Stop_DMA                                  build/stm32f1xx_hal_adc.o
HAL_ADC_Stop_IT                                   build/stm32f1xx_hal_adc.o
HAL_DBGMCU_DisableDBGSleepMode                    build/stm32f1xx_hal.o
HAL_DBGMCU_DisableDBGStandbyMode                  build/stm32f1xx_hal.o
HAL_DBGMCU_DisableDBGStopMode                     build/stm32f1xx_hal.o
HAL_DBGMCU_EnableDBGSleepMode                     build/stm32f1xx_hal.o
HAL_DBGMCU_EnableDBGStandbyMode                   build/stm32f1xx_hal.o
HAL_DBGMCU_EnableDBGStopMode                      build/stm32f1xx_hal.o
HAL_DMA_Abort                                     build/stm32f1xx_hal_dma.o
                                                  build/stm32f1xx_hal_tim.o
                                                  build/stm32f1xx_hal_adc_ex.o
                                                  build/stm32f1xx_hal_adc.o
HAL_DMA_Abort_IT                                  build/stm32f1xx_hal_dma.o
                                                  build/stm32f1xx_hal_i2c.o
HAL_DMA_DeInit                                    build/stm32f1xx_hal_dma.o
                                                  build/adc.o
HAL_DMA_GetError                                  build/stm32f1xx_hal_dma.o
HAL_DMA_GetState                                  build/stm32f1xx_hal_dma.o
HAL_DMA_IRQHandler                                build/stm32f1xx_hal_dma.o
                                                  build/stm32f1xx_it.o
HAL_DMA_Init                                      build/stm32f1xx_hal_dma.o
                                                  build/adc.o
HAL_DMA_PollForTransfer                           build/stm32f1xx_hal_dma.o
HAL_DMA_RegisterCallback                          build/stm32f1xx_hal_dma.o
HAL_DMA_Start                                     build/stm32f1xx_hal_dma.o
HAL_DMA_Start_IT                                  build/stm32f1xx_hal_dma.o
                                                  build/stm32f1xx_hal_tim_ex.o
                                                  build/stm32f1xx_hal_tim.o
                                                  build/stm32f1xx_hal_i2c.o
                                                  build/stm32f1xx_hal_adc_ex.o
                                                  build/stm32f1xx_hal_adc.o
HAL_DMA_UnRegisterCallback                        build/stm32f1xx_hal_dma.o
HAL_DeInit                                        build/stm32f1xx_hal.o
HAL_Delay                                         build/stm32f1xx_hal.o
HAL_FLASHEx_Erase                                 build/stm32f1xx_hal_flash_ex.o
HAL_FLASHEx_Erase_IT                              build/stm32f1xx_hal_flash_ex.o
HAL_FLASHEx_OBErase                               build/stm32f1xx_hal_flash_ex.o
HAL_FLASHEx_OBGetConfig                           build/stm32f1xx_hal_flash_ex.o
HAL_FLASHEx_OBGetUserData                         build/stm32f1xx_hal_flash_ex.o
HAL_FLASHEx_OBProgram                             build/stm32f1xx_hal_flash_ex.o
HAL_FLASH_EndOfOperationCallback                  build/stm32f1xx_hal_flash.o
HAL_FLASH_GetError                                build/stm32f1xx_hal_flash.o
HAL_FLASH_IRQHandler                              build/stm32f1xx_hal_flash.o
HAL_FLASH_Lock                                    build/stm32f1xx_hal_flash.o
HAL_FLASH_OB_Launch                               build/stm32f1xx_hal_flash.o
HAL_FLASH_OB_Lock                                 build/stm32f1xx_hal_flash.o
HAL_FLASH_OB_Unlock                               build/stm32f1xx_hal_flash.o
HAL_FLASH_OperationErrorCallback                  build/stm32f1xx_hal_flash.o
HAL_FLASH_Program                                 build/stm32f1xx_hal_flash.o
HAL_FLASH_Program_IT                              build/stm32f1xx_hal_flash.o
HAL_FLASH_Unlock                                  build/stm32f1xx_hal_flash.o
HAL_GPIOEx_ConfigEventout                         build/stm32f1xx_hal_gpio_ex.o
HAL_GPIOEx_DisableEventout                        build/stm32f1xx_hal_gpio_ex.o
HAL_GPIOEx_EnableEventout                         build/stm32f1xx_hal_gpio_ex.o
HAL_GPIO_DeInit                                   build/stm32f1xx_hal_gpio.o
                                                  build/i2c.o
                                                  build/adc.o
HAL_GPIO_EXTI_Callback                            build/stm32f1xx_hal_gpio.o
HAL_GPIO_EXTI_IRQHandler                          build/stm32f1xx_hal_gpio.o
HAL_GPIO_Init                                     build/stm32f1xx_hal_gpio.o
                                                  build/tim.o
                                                  build/i2c.o
                                                  build/gpio.o
                                                  build/adc.o
                                                  build/stm32f1xx_hal_rcc.o
HAL_GPIO_LockPin                                  build/stm32f1xx_hal_gpio.o
HAL_GPIO_ReadPin                                  build/stm32f1xx_hal_gpio.o
HAL_GPIO_TogglePin                                build/stm32f1xx_hal_gpio.o
                                                  build/main.o
HAL_GPIO_WritePin                                 build/stm32f1xx_hal_gpio.o
                                                  build/gpio.o
HAL_GetDEVID                                      build/stm32f1xx_hal.o
HAL_GetHalVersion                                 build/stm32f1xx_hal.o
HAL_GetREVID                                      build/stm32f1xx_hal.o
HAL_GetTick                                       build/stm32f1xx_hal.o
                                                  build/stm32f1xx_hal_rcc_ex.o
                                                  build/stm32f1xx_hal_rcc.o
                                                  build/stm32f1xx_hal_i2c.o
                                                  build/stm32f1xx_hal_flash.o
                                                  build/stm32f1xx_hal_dma.o
                                                  build/stm32f1xx_hal_adc_ex.o
                                                  build/stm32f1xx_hal_adc.o
HAL_GetTickFreq                                   build/stm32f1xx_hal.o
HAL_GetTickPrio                                   build/stm32f1xx_hal.o
HAL_GetUID                                        build/stm32f1xx_hal.o
HAL_I2C_AbortCpltCallback                         build/stm32f1xx_hal_i2c.o
HAL_I2C_AddrCallback                              build/stm32f1xx_hal_i2c.o
HAL_I2C_DeInit                                    build/stm32f1xx_hal_i2c.o
HAL_I2C_DisableListen_IT                          build/stm32f1xx_hal_i2c.o
HAL_I2C_ER_IRQHandler                             build/stm32f1xx_hal_i2c.o
                                                  build/stm32f1xx_it.o
HAL_I2C_EV_IRQHandler                             build/stm32f1xx_hal_i2c.o
                                                  build/stm32f1xx_it.o
HAL_I2C_EnableListen_IT                           build/stm32f1xx_hal_i2c.o
HAL_I2C_ErrorCallback                             build/stm32f1xx_hal_i2c.o
HAL_I2C_GetError                                  build/stm32f1xx_hal_i2c.o
HAL_I2C_GetMode                                   build/stm32f1xx_hal_i2c.o
HAL_I2C_GetState                                  build/stm32f1xx_hal_i2c.o
HAL_I2C_Init                                      build/stm32f1xx_hal_i2c.o
                                                  build/i2c.o
HAL_I2C_IsDeviceReady                             build/stm32f1xx_hal_i2c.o
HAL_I2C_ListenCpltCallback                        build/stm32f1xx_hal_i2c.o
HAL_I2C_MasterRxCpltCallback                      build/stm32f1xx_hal_i2c.o
HAL_I2C_MasterTxCpltCallback                      build/stm32f1xx_hal_i2c.o
HAL_I2C_Master_Abort_IT                           build/stm32f1xx_hal_i2c.o
HAL_I2C_Master_Receive                            build/stm32f1xx_hal_i2c.o
HAL_I2C_Master_Receive_DMA                        build/stm32f1xx_hal_i2c.o
HAL_I2C_Master_Receive_IT                         build/stm32f1xx_hal_i2c.o
HAL_I2C_Master_Sequential_Receive_IT              build/stm32f1xx_hal_i2c.o
HAL_I2C_Master_Sequential_Transmit_IT             build/stm32f1xx_hal_i2c.o
HAL_I2C_Master_Transmit                           build/stm32f1xx_hal_i2c.o
HAL_I2C_Master_Transmit_DMA                       build/stm32f1xx_hal_i2c.o
HAL_I2C_Master_Transmit_IT                        build/stm32f1xx_hal_i2c.o
HAL_I2C_MemRxCpltCallback                         build/main.o
                                                  build/stm32f1xx_hal_i2c.o
HAL_I2C_MemTxCpltCallback                         build/stm32f1xx_hal_i2c.o
HAL_I2C_Mem_Read                                  build/stm32f1xx_hal_i2c.o
HAL_I2C_Mem_Read_DMA                              build/stm32f1xx_hal_i2c.o
HAL_I2C_Mem_Read_IT                               build/stm32f1xx_hal_i2c.o
                                                  build/main.o
HAL_I2C_Mem_Write                                 build/stm32f1xx_hal_i2c.o
                                                  build/main.o
HAL_I2C_Mem_Write_DMA                             build/stm32f1xx_hal_i2c.o
HAL_I2C_Mem_Write_IT                              build/stm32f1xx_hal_i2c.o
HAL_I2C_MspDeInit                                 build/i2c.o
                                                  build/stm32f1xx_hal_i2c.o
HAL_I2C_MspInit                                   build/i2c.o
                                                  build/stm32f1xx_hal_i2c.o
HAL_I2C_SlaveRxCpltCallback                       build/stm32f1xx_hal_i2c.o
HAL_I2C_SlaveTxCpltCallback                       build/stm32f1xx_hal_i2c.o
HAL_I2C_Slave_Receive                             build/stm32f1xx_hal_i2c.o
HAL_I2C_Slave_Receive_DMA                         build/stm32f1xx_hal_i2c.o
HAL_I2C_Slave_Receive_IT                          build/stm32f1xx_hal_i2c.o
HAL_I2C_Slave_Sequential_Receive_IT               build/stm32f1xx_hal_i2c.o
HAL_I2C_Slave_Sequential_Transmit_IT              build/stm32f1xx_hal_i2c.o
HAL_I2C_Slave_Transmit                            build/stm32f1xx_hal_i2c.o
HAL_I2C_Slave_Transmit_DMA                        build/stm32f1xx_hal_i2c.o
HAL_I2C_Slave_Transmit_IT                         build/stm32f1xx_hal_i2c.o
HAL_IncTick                                       build/stm32f1xx_hal.o
                                                  build/stm32f1xx_it.o
HAL_Init                                          build/stm32f1xx_hal.o
                                                  build/main.o
HAL_InitTick                                      build/stm32f1xx_hal.o
                                                  build/stm32f1xx_hal_rcc.o
HAL_MspDeInit                                     build/stm32f1xx_hal.o
HAL_MspInit                                       build/stm32f1xx_hal_msp.o
                                                  build/stm32f1xx_hal.o
HAL_NVIC_ClearPendingIRQ                          build/stm32f1xx_hal_cortex.o
HAL_NVIC_DisableIRQ                               build/stm32f1xx_hal_cortex.o
                                                  build/usb.o
                                                  build/tim.o
                                                  build/i2c.o
                                                  build/adc.o
HAL_NVIC_EnableIRQ                                build/stm32f1xx_hal_cortex.o
                                                  build/usb.o
                                                  build/tim.o
                                                  build/i2c.o
                                                  build/dma.o
                                                  build/adc.o
HAL_NVIC_GetActive                                build/stm32f1xx_hal_cortex.o
HAL_NVIC_GetPendingIRQ                            build/stm32f1xx_hal_cortex.o
HAL_NVIC_GetPriority                              build/stm32f1xx_hal_cortex.o
HAL_NVIC_GetPriorityGrouping                      build/stm32f1xx_hal_cortex.o
HAL_NVIC_SetPendingIRQ                            build/stm32f1xx_hal_cortex.o
HAL_NVIC_SetPriority                              build/stm32f1xx_hal_cortex.o
                                                  build/usb.o
                                                  build/tim.o
                                                  build/i2c.o
                                                  build/dma.o
                                                  build/adc.o
                                                  build/stm32f1xx_hal.o
HAL_NVIC_SetPriorityGrouping                      build/stm32f1xx_hal_cortex.o
                                                  build/stm32f1xx_hal.o
HAL_NVIC_SystemReset                              build/stm32f1xx_hal_cortex.o
                                                  build/stm32f1xx_hal_flash.o
HAL_PCDEx_PMAConfig                               build/stm32f1xx_hal_pcd_ex.o
HAL_PCDEx_SetConnectionState                      build/stm32f1xx_hal_pcd_ex.o
                                                  build/stm32f1xx_hal_pcd.o
HAL_PCD_ActivateRemoteWakeup                      build/stm32f1xx_hal_pcd.o
HAL_PCD_ConnectCallback                           build/stm32f1xx_hal_pcd.o
HAL_PCD_DataInStageCallback                       build/stm32f1xx_hal_pcd.o
HAL_PCD_DataOutStageCallback                      build/stm32f1xx_hal_pcd.o
HAL_PCD_DeActivateRemoteWakeup                    build/stm32f1xx_hal_pcd.o
HAL_PCD_DeInit                                    build/stm32f1xx_hal_pcd.o
HAL_PCD_DevConnect                                build/stm32f1xx_hal_pcd.o
HAL_PCD_DevDisconnect                             build/stm32f1xx_hal_pcd.o
HAL_PCD_DisconnectCallback                        build/stm32f1xx_hal_pcd.o
HAL_PCD_EP_Close                                  build/stm32f1xx_hal_pcd.o
HAL_PCD_EP_ClrStall                               build/stm32f1xx_hal_pcd.o
HAL_PCD_EP_Flush                                  build/stm32f1xx_hal_pcd.o
HAL_PCD_EP_GetRxCount                             build/stm32f1xx_hal_pcd.o
HAL_PCD_EP_Open                                   build/stm32f1xx_hal_pcd.o
HAL_PCD_EP_Receive                                build/stm32f1xx_hal_pcd.o
HAL_PCD_EP_SetStall                               build/stm32f1xx_hal_pcd.o
HAL_PCD_EP_Transmit                               build/stm32f1xx_hal_pcd.o
HAL_PCD_GetState                                  build/stm32f1xx_hal_pcd.o
HAL_PCD_IRQHandler                                build/stm32f1xx_hal_pcd.o
                                                  build/stm32f1xx_it.o
HAL_PCD_ISOINIncompleteCallback                   build/stm32f1xx_hal_pcd.o
HAL_PCD_ISOOUTIncompleteCallback                  build/stm32f1xx_hal_pcd.o
HAL_PCD_Init                                      build/stm32f1xx_hal_pcd.o
                                                  build/usb.o
HAL_PCD_MspDeInit                                 build/usb.o
                                                  build/stm32f1xx_hal_pcd.o
HAL_PCD_MspInit                                   build/usb.o
                                                  build/stm32f1xx_hal_pcd.o
HAL_PCD_ResetCallback                             build/stm32f1xx_hal_pcd.o
HAL_PCD_ResumeCallback                            build/stm32f1xx_hal_pcd.o
HAL_PCD_SOFCallback                               build/stm32f1xx_hal_pcd.o
HAL_PCD_SetAddress                                build/stm32f1xx_hal_pcd.o
HAL_PCD_SetupStageCallback                        build/stm32f1xx_hal_pcd.o
HAL_PCD_Start                                     build/stm32f1xx_hal_pcd.o
HAL_PCD_Stop                                      build/stm32f1xx_hal_pcd.o
HAL_PCD_SuspendCallback                           build/stm32f1xx_hal_pcd.o
HAL_PWR_ConfigPVD                                 build/stm32f1xx_hal_pwr.o
HAL_PWR_DeInit                                    build/stm32f1xx_hal_pwr.o
HAL_PWR_DisableBkUpAccess                         build/stm32f1xx_hal_pwr.o
HAL_PWR_DisablePVD                                build/stm32f1xx_hal_pwr.o
HAL_PWR_DisableSEVOnPend                          build/stm32f1xx_hal_pwr.o
HAL_PWR_DisableSleepOnExit                        build/stm32f1xx_hal_pwr.o
HAL_PWR_DisableWakeUpPin                          build/stm32f1xx_hal_pwr.o
HAL_PWR_EnableBkUpAccess                          build/stm32f1xx_hal_pwr.o
HAL_PWR_EnablePVD                                 build/stm32f1xx_hal_pwr.o
HAL_PWR_EnableSEVOnPend                           build/stm32f1xx_hal_pwr.o
HAL_PWR_EnableSleepOnExit                         build/stm32f1xx_hal_pwr.o
HAL_PWR_EnableWakeUpPin                           build/stm32f1xx_hal_pwr.o
HAL_PWR_EnterSLEEPMode                            build/stm32f1xx_hal_pwr.o
HAL_PWR_EnterSTANDBYMode                          build/stm32f1xx_hal_pwr.o
HAL_PWR_EnterSTOPMode                             build/stm32f1xx_hal_pwr.o
HAL_PWR_PVDCallback                               build/stm32f1xx_hal_pwr.o
HAL_PWR_PVD_IRQHandler                            build/stm32f1xx_hal_pwr.o
HAL_RCCEx_GetPeriphCLKConfig                      build/stm32f1xx_hal_rcc_ex.o
HAL_RCCEx_GetPeriphCLKFreq                        build/stm32f1xx_hal_rcc_ex.o
                                                  build/stm32f1xx_hal_adc_ex.o
                                                  build/stm32f1xx_hal_adc.o
HAL_RCCEx_PeriphCLKConfig                         build/stm32f1xx_hal_rcc_ex.o
                                                  build/main.o
HAL_RCC_CSSCallback                               build/stm32f1xx_hal_rcc.o
HAL_RCC_ClockConfig                               build/stm32f1xx_hal_rcc.o
                                                  build/main.o
HAL_RCC_DeInit                                    build/stm32f1xx_hal_rcc.o
HAL_RCC_DisableCSS                                build/stm32f1xx_hal_rcc.o
HAL_RCC_EnableCSS                                 build/stm32f1xx_hal_rcc.o
HAL_RCC_GetClockConfig                            build/stm32f1xx_hal_rcc.o
HAL_RCC_GetHCLKFreq                               build/stm32f1xx_hal_rcc.o
HAL_RCC_GetOscConfig                              build/stm32f1xx_hal_rcc.o
HAL_RCC_GetPCLK1Freq                              build/stm32f1xx_hal_rcc.o
                                                  build/stm32f1xx_hal_i2c.o
HAL_RCC_GetPCLK2Freq                              build/stm32f1xx_hal_rcc.o
                                                  build/stm32f1xx_hal_rcc_ex.o
HAL_RCC_GetSysClockFreq                           build/stm32f1xx_hal_rcc.o
HAL_RCC_MCOConfig                                 build/stm32f1xx_hal_rcc.o
HAL_RCC_NMI_IRQHandler                            build/stm32f1xx_hal_rcc.o
HAL_RCC_OscConfig                                 build/stm32f1xx_hal_rcc.o
                                                  build/main.o
HAL_ResumeTick                                    build/stm32f1xx_hal.o
HAL_SYSTICK_CLKSourceConfig                       build/stm32f1xx_hal_cortex.o
HAL_SYSTICK_Callback                              build/stm32f1xx_hal_cortex.o
HAL_SYSTICK_Config                                build/stm32f1xx_hal_cortex.o
                                                  build/stm32f1xx_hal.o
HAL_SYSTICK_IRQHandler                            build/stm32f1xx_hal_cortex.o
HAL_SetTickFreq                                   build/stm32f1xx_hal.o
HAL_SuspendTick                                   build/stm32f1xx_hal.o
HAL_TIMEx_BreakCallback                           build/stm32f1xx_hal_tim_ex.o
                                                  build/stm32f1xx_hal_tim.o
HAL_TIMEx_CommutationCallback                     build/stm32f1xx_hal_tim_ex.o
                                                  build/stm32f1xx_hal_tim.o
HAL_TIMEx_ConfigBreakDeadTime                     build/stm32f1xx_hal_tim_ex.o
                                                  build/tim.o
HAL_TIMEx_ConfigCommutationEvent                  build/stm32f1xx_hal_tim_ex.o
HAL_TIMEx_ConfigCommutationEvent_DMA              build/stm32f1xx_hal_tim_ex.o
HAL_TIMEx_ConfigCommutationEvent_IT               build/stm32f1xx_hal_tim_ex.o
HAL_TIMEx_HallSensor_DeInit                       build/stm32f1xx_hal_tim_ex.o
HAL_TIMEx_HallSensor_GetState                     build/stm32f1xx_hal_tim_ex.o
HAL_TIMEx_HallSensor_Init                         build/stm32f1xx_hal_tim_ex.o
HAL_TIMEx_HallSensor_MspDeInit                    build/stm32f1xx_hal_tim_ex.o
HAL_TIMEx_HallSensor_MspInit                      build/stm32f1xx_hal_tim_ex.o
HAL_TIMEx_HallSensor_Start                        build/stm32f1xx_hal_tim_ex.o
HAL_TIMEx_HallSensor_Start_DMA                    build/stm32f1xx_hal_tim_ex.o
HAL_TIMEx_HallSensor_Start_IT                     build/stm32f1xx_hal_tim_ex.o
HAL_TIMEx_HallSensor_Stop                         build/stm32f1xx_hal_tim_ex.o
HAL_TIMEx_HallSensor_Stop_DMA                     build/stm32f1xx_hal_tim_ex.o
HAL_TIMEx_HallSensor_Stop_IT                      build/stm32f1xx_hal_tim_ex.o
HAL_TIMEx_MasterConfigSynchronization             build/stm32f1xx_hal_tim_ex.o
                                                  build/tim.o
HAL_TIMEx_OCN_Start                               build/stm32f1xx_hal_tim_ex.o
HAL_TIMEx_OCN_Start_DMA                           build/stm32f1xx_hal_tim_ex.o
HAL_TIMEx_OCN_Start_IT                            build/stm32f1xx_hal_tim_ex.o
HAL_TIMEx_OCN_Stop                                build/stm32f1xx_hal_tim_ex.o
HAL_TIMEx_OCN_Stop_DMA                            build/stm32f1xx_hal_tim_ex.o
HAL_TIMEx_OCN_Stop_IT                             build/stm32f1xx_hal_tim_ex.o
HAL_TIMEx_OnePulseN_Start                         build/stm32f1xx_hal_tim_ex.o
HAL_TIMEx_OnePulseN_Start_IT                      build/stm32f1xx_hal_tim_ex.o
HAL_TIMEx_OnePulseN_Stop                          build/stm32f1xx_hal_tim_ex.o
HAL_TIMEx_OnePulseN_Stop_IT                       build/stm32f1xx_hal_tim_ex.o
HAL_TIMEx_PWMN_Start                              build/stm32f1xx_hal_tim_ex.o
HAL_TIMEx_PWMN_Start_DMA                          build/stm32f1xx_hal_tim_ex.o
HAL_TIMEx_PWMN_Start_IT                           build/stm32f1xx_hal_tim_ex.o
HAL_TIMEx_PWMN_Stop                               build/stm32f1xx_hal_tim_ex.o
HAL_TIMEx_PWMN_Stop_DMA                           build/stm32f1xx_hal_tim_ex.o
HAL_TIMEx_PWMN_Stop_IT                            build/stm32f1xx_hal_tim_ex.o
HAL_TIM_Base_DeInit                               build/stm32f1xx_hal_tim.o
HAL_TIM_Base_GetState                             build/stm32f1xx_hal_tim.o
HAL_TIM_Base_Init                                 build/stm32f1xx_hal_tim.o
                                                  build/tim.o
HAL_TIM_Base_MspDeInit                            build/tim.o
                                                  build/stm32f1xx_hal_tim.o
HAL_TIM_Base_MspInit                              build/tim.o
                                                  build/stm32f1xx_hal_tim.o
HAL_TIM_Base_Start                                build/stm32f1xx_hal_tim.o
HAL_TIM_Base_Start_DMA                            build/stm32f1xx_hal_tim.o
HAL_TIM_Base_Start_IT                             build/stm32f1xx_hal_tim.o
                                                  build/main.o
HAL_TIM_Base_Stop                                 build/stm32f1xx_hal_tim.o
HAL_TIM_Base_Stop_DMA                             build/stm32f1xx_hal_tim.o
HAL_TIM_Base_Stop_IT                              build/stm32f1xx_hal_tim.o
HAL_TIM_ConfigClockSource                         build/stm32f1xx_hal_tim.o
                                                  build/tim.o
HAL_TIM_ConfigOCrefClear                          build/stm32f1xx_hal_tim.o
HAL_TIM_ConfigTI1Input                            build/stm32f1xx_hal_tim.o
HAL_TIM_DMABurst_ReadStart                        build/stm32f1xx_hal_tim.o
HAL_TIM_DMABurst_ReadStop                         build/stm32f1xx_hal_tim.o
HAL_TIM_DMABurst_WriteStart                       build/stm32f1xx_hal_tim.o
HAL_TIM_DMABurst_WriteStop                        build/stm32f1xx_hal_tim.o
HAL_TIM_Encoder_DeInit                            build/stm32f1xx_hal_tim.o
HAL_TIM_Encoder_GetState                          build/stm32f1xx_hal_tim.o
HAL_TIM_Encoder_Init                              build/stm32f1xx_hal_tim.o
HAL_TIM_Encoder_MspDeInit                         build/stm32f1xx_hal_tim.o
HAL_TIM_Encoder_MspInit                           build/stm32f1xx_hal_tim.o
HAL_TIM_Encoder_Start                             build/stm32f1xx_hal_tim.o
HAL_TIM_Encoder_Start_DMA                         build/stm32f1xx_hal_tim.o
HAL_TIM_Encoder_Start_IT                          build/stm32f1xx_hal_tim.o
HAL_TIM_Encoder_Stop                              build/stm32f1xx_hal_tim.o
HAL_TIM_Encoder_Stop_DMA                          build/stm32f1xx_hal_tim.o
HAL_TIM_Encoder_Stop_IT                           build/stm32f1xx_hal_tim.o
HAL_TIM_ErrorCallback                             build/stm32f1xx_hal_tim.o
HAL_TIM_GenerateEvent                             build/stm32f1xx_hal_tim.o
HAL_TIM_IC_CaptureCallback                        build/stm32f1xx_hal_tim.o
HAL_TIM_IC_ConfigChannel                          build/stm32f1xx_hal_tim.o
HAL_TIM_IC_DeInit                                 build/stm32f1xx_hal_tim.o
HAL_TIM_IC_GetState                               build/stm32f1xx_hal_tim.o
HAL_TIM_IC_Init                                   build/stm32f1xx_hal_tim.o
HAL_TIM_IC_MspDeInit                              build/stm32f1xx_hal_tim.o
HAL_TIM_IC_MspInit                                build/stm32f1xx_hal_tim.o
HAL_TIM_IC_Start                                  build/stm32f1xx_hal_tim.o
HAL_TIM_IC_Start_DMA                              build/stm32f1xx_hal_tim.o
HAL_TIM_IC_Start_IT                               build/stm32f1xx_hal_tim.o
HAL_TIM_IC_Stop                                   build/stm32f1xx_hal_tim.o
HAL_TIM_IC_Stop_DMA                               build/stm32f1xx_hal_tim.o
HAL_TIM_IC_Stop_IT                                build/stm32f1xx_hal_tim.o
HAL_TIM_IRQHandler                                build/stm32f1xx_hal_tim.o
                                                  build/stm32f1xx_it.o
HAL_TIM_MspPostInit                               build/tim.o
HAL_TIM_OC_ConfigChannel                          build/stm32f1xx_hal_tim.o
HAL_TIM_OC_DeInit                                 build/stm32f1xx_hal_tim.o
HAL_TIM_OC_DelayElapsedCallback                   build/stm32f1xx_hal_tim.o
HAL_TIM_OC_GetState                               build/stm32f1xx_hal_tim.o
HAL_TIM_OC_Init                                   build/stm32f1xx_hal_tim.o
HAL_TIM_OC_MspDeInit                              build/stm32f1xx_hal_tim.o
HAL_TIM_OC_MspInit                                build/stm32f1xx_hal_tim.o
HAL_TIM_OC_Start                                  build/stm32f1xx_hal_tim.o
HAL_TIM_OC_Start_DMA                              build/stm32f1xx_hal_tim.o
HAL_TIM_OC_Start_IT                               build/stm32f1xx_hal_tim.o
HAL_TIM_OC_Stop                                   build/stm32f1xx_hal_tim.o
HAL_TIM_OC_Stop_DMA                               build/stm32f1xx_hal_tim.o
HAL_TIM_OC_Stop_IT                                build/stm32f1xx_hal_tim.o
HAL_TIM_OnePulse_ConfigChannel                    build/stm32f1xx_hal_tim.o
HAL_TIM_OnePulse_DeInit                           build/stm32f1xx_hal_tim.o
HAL_TIM_OnePulse_GetState                         build/stm32f1xx_hal_tim.o
HAL_TIM_OnePulse_Init                             build/stm32f1xx_hal_tim.o
HAL_TIM_OnePulse_MspDeInit                        build/stm32f1xx_hal_tim.o
HAL_TIM_OnePulse_MspInit                          build/stm32f1xx_hal_tim.o
HAL_TIM_OnePulse_Start                            build/stm32f1xx_hal_tim.o
HAL_TIM_OnePulse_Start_IT                         build/stm32f1xx_hal_tim.o
HAL_TIM_OnePulse_Stop                             build/stm32f1xx_hal_tim.o
HAL_TIM_OnePulse_Stop_IT                          build/stm32f1xx_hal_tim.o
HAL_TIM_PWM_ConfigChannel                         build/stm32f1xx_hal_tim.o
                                                  build/tim.o
HAL_TIM_PWM_DeInit                                build/stm32f1xx_hal_tim.o
HAL_TIM_PWM_GetState                              build/stm32f1xx_hal_tim.o
HAL_TIM_PWM_Init                                  build/stm32f1xx_hal_tim.o
                                                  build/tim.o
HAL_TIM_PWM_MspDeInit                             build/stm32f1xx_hal_tim.o
HAL_TIM_PWM_MspInit                               build/stm32f1xx_hal_tim.o
HAL_TIM_PWM_PulseFinishedCallback                 build/stm32f1xx_hal_tim.o
HAL_TIM_PWM_Start                                 build/stm32f1xx_hal_tim.o
                                                  build/main.o
HAL_TIM_PWM_Start_DMA                             build/stm32f1xx_hal_tim.o
HAL_TIM_PWM_Start_IT                              build/stm32f1xx_hal_tim.o
HAL_TIM_PWM_Stop                                  build/stm32f1xx_hal_tim.o
HAL_TIM_PWM_Stop_DMA                              build/stm32f1xx_hal_tim.o
HAL_TIM_PWM_Stop_IT                               build/stm32f1xx_hal_tim.o
HAL_TIM_PeriodElapsedCallback                     build/stm32f1xx_hal_tim.o
HAL_TIM_ReadCapturedValue                         build/stm32f1xx_hal_tim.o
HAL_TIM_SlaveConfigSynchronization                build/stm32f1xx_hal_tim.o
HAL_TIM_SlaveConfigSynchronization_IT             build/stm32f1xx_hal_tim.o
HAL_TIM_TriggerCallback                           build/stm32f1xx_hal_tim.o
HardFault_Handler                                 build/stm32f1xx_it.o